2026-06-16T07:31:48.985Z ── audit start ──
2026-06-16T07:32:07.776Z room=5FFC8E46 join:human buyIn=5000 total=58780
2026-06-16T07:32:31.179Z room=5FFC8E46 round-result net=-400 total=58530
2026-06-16T07:32:44.332Z room=5FFC8E46 round-result net=200 total=58630
2026-06-16T07:32:58.526Z room=5FFC8E46 round-result net=-200 total=58680
2026-06-16T07:33:09.614Z room=5FFC8E46 round-result net=250 total=58830
2026-06-16T07:33:21.662Z room=5FFC8E46 round-result net=450 total=59180
2026-06-16T07:34:04.494Z room=5FFC8E46 round-result net=-200 total=59080
2026-06-16T07:34:09.403Z room=5FFC8E46 players-removed-close total=59380
2026-06-16T07:34:24.916Z room=CFF3CCD9 round-result net=-250 total=59380
2026-06-16T07:34:37.469Z room=CFF3CCD9 round-result net=-150 total=58730
2026-06-16T07:34:50.947Z room=CFF3CCD9 round-result net=300 total=58780
2026-06-16T07:35:04.964Z room=CFF3CCD9 round-result net=250 total=58980
2026-06-16T07:35:18.242Z room=CFF3CCD9 round-result net=-250 total=59230
2026-06-16T07:35:31.564Z room=CFF3CCD9 round-result net=-150 total=58980
2026-06-16T07:35:45.145Z room=CFF3CCD9 round-result net=-200 total=58830
2026-06-16T07:35:58.210Z room=CFF3CCD9 round-result net=100 total=58630
2026-06-16T07:36:11.375Z room=CFF3CCD9 round-result net=-200 total=58630
2026-06-16T07:36:24.732Z room=CFF3CCD9 round-result net=350 total=58630
2026-06-16T07:36:36.351Z room=CFF3CCD9 round-result net=-150 total=58780
2026-06-16T07:36:51.996Z room=CFF3CCD9 round-result net=250 total=58830
2026-06-16T07:37:04.716Z room=CFF3CCD9 round-result net=100 total=59030
2026-06-16T07:37:19.402Z room=CFF3CCD9 round-result net=50 total=59080
2026-06-16T07:37:32.554Z room=CFF3CCD9 round-result net=-100 total=59130
2026-06-16T07:37:44.333Z room=CFF3CCD9 round-result net=150 total=59030
2026-06-16T07:37:55.105Z room=CFF3CCD9 round-result net=-50 total=59180
2026-06-16T07:38:07.114Z room=CFF3CCD9 round-result net=400 total=59130
2026-06-16T07:38:20.809Z room=CFF3CCD9 round-result net=-150 total=59380
2026-06-16T07:38:34.235Z room=CFF3CCD9 round-result net=250 total=59430
2026-06-16T07:38:47.931Z room=CFF3CCD9 round-result net=575 total=59780
2026-06-16T07:39:02.010Z room=CFF3CCD9 round-result net=-50 total=60205
2026-06-16T07:39:13.710Z room=CFF3CCD9 round-result net=-200 total=60105
2026-06-16T07:39:27.609Z room=CFF3CCD9 round-result net=250 total=59955
2026-06-16T07:39:42.463Z room=CFF3CCD9 round-result net=350 total=60255
2026-06-16T07:39:56.763Z room=CFF3CCD9 round-result net=-350 total=60555
2026-06-16T07:40:11.287Z room=CFF3CCD9 round-result net=-100 total=60205
2026-06-16T07:40:23.711Z room=CFF3CCD9 round-result net=325 total=60105
2026-06-16T07:40:35.705Z room=CFF3CCD9 round-result net=100 total=60430
2026-06-16T07:40:48.295Z room=CFF3CCD9 round-result net=-150 total=60430
2026-06-16T07:41:01.875Z room=CFF3CCD9 round-result net=-250 total=60280
2026-06-16T07:41:16.198Z room=CFF3CCD9 round-result net=200 total=60130
2026-06-16T07:41:30.770Z room=CFF3CCD9 round-result net=400 total=60280
2026-06-16T07:41:44.995Z room=CFF3CCD9 round-result net=0 total=60730
2026-06-16T07:41:57.118Z room=CFF3CCD9 round-result net=50 total=60730
2026-06-16T07:42:12.303Z room=CFF3CCD9 round-result net=350 total=61130
2026-06-16T07:42:25.438Z room=CFF3CCD9 round-result net=300 total=61280
2026-06-16T07:42:39.824Z room=CFF3CCD9 round-result net=400 total=61580
2026-06-16T07:42:53.113Z room=CFF3CCD9 round-result net=-150 total=61830
2026-06-16T07:43:05.329Z room=CFF3CCD9 round-result net=250 total=61830
2026-06-16T07:43:20.775Z room=CFF3CCD9 round-result net=-200 total=61930
2026-06-16T07:43:33.892Z room=CFF3CCD9 round-result net=-125 total=61580
2026-06-16T07:43:46.027Z room=CFF3CCD9 round-result net=-350 total=61605
2026-06-16T07:43:58.636Z room=CFF3CCD9 round-result net=300 total=61305
2026-06-16T07:44:11.347Z room=CFF3CCD9 round-result net=250 total=61705
2026-06-16T07:44:23.510Z room=CFF3CCD9 round-result net=450 total=62105
2026-06-16T07:44:37.164Z room=CFF3CCD9 round-result net=-400 total=62255
2026-06-16T07:44:49.238Z room=CFF3CCD9 round-result net=525 total=61955
2026-06-16T07:45:01.700Z room=CFF3CCD9 round-result net=300 total=62530
2026-06-16T07:45:12.920Z room=CFF3CCD9 round-result net=400 total=62780
2026-06-16T07:45:24.797Z room=CFF3CCD9 round-result net=300 total=63180
2026-06-16T07:45:38.134Z room=CFF3CCD9 round-result net=-300 total=63380
2026-06-16T07:45:51.682Z room=CFF3CCD9 round-result net=50 total=63180
2026-06-16T07:46:08.082Z room=CFF3CCD9 round-result net=100 total=63230
2026-06-16T07:46:22.331Z room=CFF3CCD9 round-result net=250 total=63230
2026-06-16T07:46:36.386Z room=CFF3CCD9 round-result net=150 total=63580
2026-06-16T07:46:48.868Z room=CFF3CCD9 round-result net=-350 total=63580
2026-06-16T07:47:00.707Z room=CFF3CCD9 round-result net=-50 total=63230
2026-06-16T07:47:14.133Z room=CFF3CCD9 round-result net=50 total=63280
2026-06-16T07:47:26.132Z room=CFF3CCD9 round-result net=-300 total=63180
2026-06-16T07:47:39.371Z room=CFF3CCD9 round-result net=-300 total=62880
2026-06-16T07:47:52.030Z room=CFF3CCD9 round-result net=300 total=62730
2026-06-16T07:48:04.035Z room=CFF3CCD9 round-result net=250 total=63130
2026-06-16T07:48:18.831Z room=CFF3CCD9 round-result net=250 total=63280
2026-06-16T07:48:33.054Z room=CFF3CCD9 round-result net=-300 total=63380
2026-06-16T07:48:47.091Z room=CFF3CCD9 round-result net=200 total=63230
2026-06-16T07:49:01.653Z room=CFF3CCD9 round-result net=-100 total=63330
2026-06-16T07:49:12.098Z room=CFF3CCD9 round-result net=100 total=63230
2026-06-16T07:49:26.148Z room=CFF3CCD9 round-result net=-250 total=63380
2026-06-16T07:49:40.833Z room=CFF3CCD9 round-result net=200 total=63330
2026-06-16T07:49:52.431Z room=CFF3CCD9 round-result net=150 total=63330
2026-06-16T07:50:06.109Z room=CFF3CCD9 round-result net=-400 total=63180
2026-06-16T07:50:19.213Z room=CFF3CCD9 round-result net=0 total=63080
2026-06-16T07:50:32.586Z room=CFF3CCD9 round-result net=-150 total=63080
2026-06-16T07:50:49.264Z room=CFF3CCD9 round-result net=200 total=63130
2026-06-16T07:51:03.699Z room=CFF3CCD9 round-result net=25 total=63130
2026-06-16T07:51:16.482Z room=CFF3CCD9 round-result net=-100 total=63155
2026-06-16T07:51:31.076Z room=CFF3CCD9 round-result net=250 total=63305
2026-06-16T07:51:44.667Z room=CFF3CCD9 round-result net=-100 total=63305
2026-06-16T07:51:57.294Z room=CFF3CCD9 round-result net=-200 total=63205
2026-06-16T07:52:08.377Z room=CFF3CCD9 round-result net=-125 total=63005
2026-06-16T07:52:22.321Z room=CFF3CCD9 round-result net=-100 total=62880
2026-06-16T07:52:35.238Z room=CFF3CCD9 round-result net=-450 total=62780
2026-06-16T07:52:47.712Z room=CFF3CCD9 round-result net=-175 total=62330
2026-06-16T07:53:00.645Z room=CFF3CCD9 round-result net=50 total=62155
2026-06-16T07:53:13.786Z room=CFF3CCD9 round-result net=-200 total=62205
2026-06-16T07:53:28.010Z room=CFF3CCD9 round-result net=-200 total=62005
2026-06-16T07:53:43.921Z room=CFF3CCD9 round-result net=550 total=61805
2026-06-16T07:53:55.816Z room=CFF3CCD9 round-result net=-100 total=62355
2026-06-16T07:54:09.398Z room=CFF3CCD9 round-result net=250 total=62255
2026-06-16T07:54:24.264Z room=CFF3CCD9 round-result net=50 total=62505
2026-06-16T07:54:37.698Z room=CFF3CCD9 round-result net=-350 total=62555
2026-06-16T07:54:48.870Z room=CFF3CCD9 round-result net=-50 total=62205
2026-06-16T07:55:03.654Z room=CFF3CCD9 round-result net=500 total=62155
2026-06-16T07:55:15.440Z room=CFF3CCD9 round-result net=-75 total=62655
2026-06-16T07:55:27.090Z room=CFF3CCD9 round-result net=-300 total=62580
2026-06-16T07:55:38.981Z room=CFF3CCD9 round-result net=-50 total=62280
2026-06-16T07:55:53.121Z room=CFF3CCD9 round-result net=-250 total=62230
2026-06-16T07:56:06.700Z room=CFF3CCD9 round-result net=400 total=61980
2026-06-16T07:56:18.453Z room=CFF3CCD9 round-result net=-350 total=62380
2026-06-16T07:56:31.312Z room=CFF3CCD9 round-result net=-50 total=62030
2026-06-16T07:56:43.677Z room=CFF3CCD9 round-result net=-150 total=61980
2026-06-16T07:56:58.396Z room=CFF3CCD9 round-result net=-300 total=61830
2026-06-16T07:57:10.423Z room=CFF3CCD9 round-result net=-100 total=61530
2026-06-16T07:57:21.876Z room=CFF3CCD9 round-result net=-400 total=61430
2026-06-16T07:57:34.721Z room=CFF3CCD9 round-result net=200 total=61030
2026-06-16T07:57:47.311Z room=CFF3CCD9 round-result net=200 total=61230
2026-06-16T07:58:00.383Z room=CFF3CCD9 round-result net=300 total=61430
2026-06-16T07:58:14.931Z room=CFF3CCD9 round-result net=-150 total=61730
2026-06-16T07:58:26.379Z room=CFF3CCD9 round-result net=275 total=61580
2026-06-16T07:58:37.692Z room=CFF3CCD9 round-result net=100 total=61855
2026-06-16T07:58:51.022Z room=CFF3CCD9 round-result net=-250 total=61955
2026-06-16T07:59:06.525Z room=CFF3CCD9 round-result net=150 total=61855
2026-06-16T07:59:19.070Z room=CFF3CCD9 round-result net=250 total=61855
2026-06-16T07:59:32.965Z room=CFF3CCD9 round-result net=425 total=62530
2026-06-16T07:59:46.083Z room=CFF3CCD9 round-result net=-50 total=62530
2026-06-16T07:59:58.438Z room=CFF3CCD9 round-result net=350 total=62480
2026-06-16T08:00:11.721Z room=CFF3CCD9 round-result net=600 total=62830
2026-06-16T08:00:23.878Z room=CFF3CCD9 round-result net=-150 total=63430
2026-06-16T08:00:37.511Z room=CFF3CCD9 round-result net=-250 total=63280
2026-06-16T08:00:51.911Z room=CFF3CCD9 round-result net=-250 total=63030
2026-06-16T08:01:02.986Z room=CFF3CCD9 round-result net=350 total=63130
2026-06-16T08:01:15.748Z room=CFF3CCD9 round-result net=200 total=63180
2026-06-16T08:01:28.271Z room=CFF3CCD9 round-result net=-50 total=63280
2026-06-16T08:01:41.987Z room=CFF3CCD9 round-result net=300 total=63330
2026-06-16T08:01:55.647Z room=CFF3CCD9 round-result net=700 total=64180
2026-06-16T08:02:09.411Z room=CFF3CCD9 round-result net=-350 total=64280
2026-06-16T08:02:21.013Z room=CFF3CCD9 round-result net=-300 total=63930
2026-06-16T08:02:34.228Z room=CFF3CCD9 round-result net=0 total=63630
2026-06-16T08:02:46.539Z room=CFF3CCD9 round-result net=375 total=63630
2026-06-16T08:03:01.303Z room=CFF3CCD9 round-result net=350 total=64355
2026-06-16T08:03:13.643Z room=CFF3CCD9 round-result net=100 total=64355
2026-06-16T08:03:27.083Z room=CFF3CCD9 round-result net=-200 total=64455
2026-06-16T08:03:39.756Z room=CFF3CCD9 round-result net=-100 total=64255
2026-06-16T08:03:52.359Z room=CFF3CCD9 round-result net=300 total=64155
2026-06-16T08:04:06.981Z room=CFF3CCD9 round-result net=50 total=64455
2026-06-16T08:04:21.530Z room=CFF3CCD9 round-result net=-150 total=64505
2026-06-16T08:04:32.997Z room=CFF3CCD9 round-result net=200 total=64355
2026-06-16T08:04:45.448Z room=CFF3CCD9 round-result net=-200 total=64555
2026-06-16T08:04:59.383Z room=CFF3CCD9 round-result net=-350 total=64005
2026-06-16T08:05:11.815Z room=CFF3CCD9 round-result net=250 total=63955
2026-06-16T08:05:25.725Z room=CFF3CCD9 round-result net=50 total=64255
2026-06-16T08:05:39.676Z room=CFF3CCD9 round-result net=-150 total=64305
2026-06-16T08:05:51.300Z room=CFF3CCD9 round-result net=400 total=64155
2026-06-16T08:06:05.567Z room=CFF3CCD9 round-result net=-250 total=64555
2026-06-16T08:06:20.021Z room=CFF3CCD9 round-result net=-100 total=64305
2026-06-16T08:06:33.077Z room=CFF3CCD9 round-result net=-50 total=64205
2026-06-16T08:06:45.306Z room=CFF3CCD9 round-result net=500 total=64655
2026-06-16T08:06:57.947Z room=CFF3CCD9 round-result net=400 total=64805
2026-06-16T08:07:11.007Z room=CFF3CCD9 round-result net=250 total=65055
2026-06-16T08:07:24.433Z room=CFF3CCD9 round-result net=300 total=65305
2026-06-16T08:07:37.078Z room=CFF3CCD9 round-result net=350 total=65605
2026-06-16T08:07:50.948Z room=CFF3CCD9 round-result net=150 total=65955
2026-06-16T08:08:03.301Z room=CFF3CCD9 round-result net=-25 total=66105
2026-06-16T08:08:14.810Z room=CFF3CCD9 round-result net=-50 total=66080
2026-06-16T08:08:28.890Z room=CFF3CCD9 round-result net=-300 total=66030
2026-06-16T08:08:43.298Z room=CFF3CCD9 round-result net=500 total=65730
2026-06-16T08:08:54.153Z room=CFF3CCD9 round-result net=400 total=66230
2026-06-16T08:09:09.367Z room=CFF3CCD9 round-result net=-500 total=66630
2026-06-16T08:09:22.998Z room=CFF3CCD9 round-result net=100 total=66130
2026-06-16T08:09:34.896Z room=CFF3CCD9 round-result net=75 total=66230
2026-06-16T08:09:45.558Z room=CFF3CCD9 round-result net=250 total=66305
2026-06-16T08:09:58.476Z room=CFF3CCD9 round-result net=200 total=66555
2026-06-16T08:10:09.637Z room=CFF3CCD9 round-result net=-400 total=66755
2026-06-16T08:10:21.203Z room=CFF3CCD9 round-result net=-350 total=66355
2026-06-16T08:10:34.593Z room=CFF3CCD9 round-result net=-250 total=66005
2026-06-16T08:10:47.028Z room=CFF3CCD9 round-result net=425 total=65755
2026-06-16T08:10:58.557Z room=CFF3CCD9 round-result net=150 total=66180
2026-06-16T08:11:11.472Z room=CFF3CCD9 round-result net=100 total=66330
2026-06-16T08:11:23.397Z room=CFF3CCD9 round-result net=250 total=66430
2026-06-16T08:11:35.710Z room=CFF3CCD9 round-result net=325 total=66680
2026-06-16T08:11:49.345Z room=CFF3CCD9 round-result net=-200 total=67005
2026-06-16T08:12:01.746Z room=CFF3CCD9 round-result net=-300 total=66805
2026-06-16T08:12:16.185Z room=CFF3CCD9 round-result net=-50 total=66505
2026-06-16T08:12:30.530Z room=CFF3CCD9 round-result net=-350 total=66455
2026-06-16T08:12:44.418Z room=CFF3CCD9 round-result net=-200 total=66105
2026-06-16T08:12:57.066Z room=CFF3CCD9 round-result net=400 total=65905
2026-06-16T08:13:10.015Z room=CFF3CCD9 round-result net=50 total=66305
2026-06-16T08:13:23.561Z room=CFF3CCD9 round-result net=-350 total=66355
2026-06-16T08:13:36.060Z room=CFF3CCD9 round-result net=0 total=66005
2026-06-16T08:13:48.767Z room=CFF3CCD9 round-result net=-400 total=66005
2026-06-16T08:14:00.797Z room=CFF3CCD9 round-result net=475 total=65605
2026-06-16T08:14:15.918Z room=CFF3CCD9 round-result net=300 total=66080
2026-06-16T08:14:30.110Z room=CFF3CCD9 round-result net=500 total=66380
2026-06-16T08:14:43.228Z room=CFF3CCD9 round-result net=250 total=66880
2026-06-16T08:14:57.775Z room=CFF3CCD9 round-result net=150 total=67130
2026-06-16T08:15:10.610Z room=CFF3CCD9 round-result net=50 total=67280
2026-06-16T08:15:23.686Z room=CFF3CCD9 round-result net=75 total=67330
2026-06-16T08:15:35.946Z room=CFF3CCD9 round-result net=-350 total=67405
2026-06-16T08:15:50.543Z room=CFF3CCD9 round-result net=300 total=67355
2026-06-16T08:16:03.791Z room=CFF3CCD9 round-result net=-400 total=67255
2026-06-16T08:16:16.626Z room=CFF3CCD9 round-result net=-75 total=66955
2026-06-16T08:16:29.878Z room=CFF3CCD9 round-result net=-450 total=66880
2026-06-16T08:16:43.277Z room=CFF3CCD9 round-result net=250 total=66430
2026-06-16T08:16:56.584Z room=CFF3CCD9 round-result net=-350 total=66680
2026-06-16T08:17:08.830Z room=CFF3CCD9 round-result net=125 total=66330
2026-06-16T08:17:22.238Z room=CFF3CCD9 round-result net=-250 total=66455
2026-06-16T08:17:35.455Z room=CFF3CCD9 round-result net=200 total=66205
2026-06-16T08:17:47.293Z room=CFF3CCD9 round-result net=75 total=66405
2026-06-16T08:18:00.660Z room=CFF3CCD9 round-result net=300 total=66480
2026-06-16T08:18:13.294Z room=CFF3CCD9 round-result net=350 total=66780
2026-06-16T08:18:26.983Z room=CFF3CCD9 round-result net=-50 total=67130
2026-06-16T08:18:41.276Z room=CFF3CCD9 round-result net=-200 total=67080
2026-06-16T08:18:53.905Z room=CFF3CCD9 round-result net=-25 total=66880
2026-06-16T08:19:04.444Z room=CFF3CCD9 round-result net=-25 total=66855
2026-06-16T08:19:17.928Z room=CFF3CCD9 round-result net=-300 total=66830
2026-06-16T08:19:30.986Z room=CFF3CCD9 round-result net=-200 total=66530
2026-06-16T08:19:43.684Z room=CFF3CCD9 round-result net=-50 total=66330
2026-06-16T08:19:56.493Z room=CFF3CCD9 round-result net=-125 total=66280
2026-06-16T08:20:10.057Z room=CFF3CCD9 round-result net=-50 total=66155
2026-06-16T08:20:23.782Z room=CFF3CCD9 round-result net=400 total=66105
2026-06-16T08:20:34.812Z room=CFF3CCD9 round-result net=-350 total=66505
2026-06-16T08:20:46.353Z room=CFF3CCD9 round-result net=-150 total=66155
2026-06-16T08:21:00.257Z room=CFF3CCD9 round-result net=250 total=66005
2026-06-16T08:21:14.148Z room=CFF3CCD9 round-result net=-450 total=66255
2026-06-16T08:21:27.148Z room=CFF3CCD9 round-result net=0 total=65805
2026-06-16T08:21:40.330Z room=CFF3CCD9 round-result net=-450 total=65805
2026-06-16T08:21:53.229Z room=CFF3CCD9 round-result net=-300 total=65355
2026-06-16T08:22:04.956Z room=CFF3CCD9 round-result net=-200 total=65055
2026-06-16T08:22:17.390Z room=CFF3CCD9 round-result net=-225 total=64855
2026-06-16T08:22:28.258Z room=CFF3CCD9 round-result net=-200 total=64630
2026-06-16T08:22:40.669Z room=CFF3CCD9 round-result net=325 total=64430
2026-06-16T08:22:53.754Z room=CFF3CCD9 round-result net=-100 total=64655
2026-06-16T08:23:05.660Z room=CFF3CCD9 round-result net=350 total=64655
2026-06-16T08:23:18.389Z room=CFF3CCD9 round-result net=-75 total=65005
2026-06-16T08:23:32.932Z room=CFF3CCD9 round-result net=-300 total=64930
2026-06-16T08:23:44.677Z room=CFF3CCD9 round-result net=-150 total=64630
2026-06-16T08:23:58.791Z room=CFF3CCD9 round-result net=400 total=64480
2026-06-16T08:24:12.785Z room=CFF3CCD9 round-result net=-200 total=64880
2026-06-16T08:24:26.557Z room=CFF3CCD9 round-result net=450 total=64680
2026-06-16T08:24:38.446Z room=CFF3CCD9 round-result net=275 total=65130
2026-06-16T08:24:51.667Z room=CFF3CCD9 round-result net=-500 total=65405
2026-06-16T08:25:06.669Z room=CFF3CCD9 round-result net=300 total=64905
2026-06-16T08:25:20.650Z room=CFF3CCD9 round-result net=-250 total=65205
2026-06-16T08:25:33.670Z room=CFF3CCD9 round-result net=-175 total=64955
2026-06-16T08:25:45.451Z room=CFF3CCD9 round-result net=400 total=64780
2026-06-16T08:25:58.877Z room=CFF3CCD9 round-result net=400 total=65180
2026-06-16T08:26:12.293Z room=CFF3CCD9 round-result net=300 total=65580
2026-06-16T08:26:27.120Z room=CFF3CCD9 round-result net=-100 total=65880
2026-06-16T08:26:39.339Z room=CFF3CCD9 round-result net=350 total=65780
2026-06-16T08:26:52.265Z room=CFF3CCD9 round-result net=350 total=66130
2026-06-16T08:27:03.664Z room=CFF3CCD9 round-result net=150 total=66480
2026-06-16T08:27:18.343Z room=CFF3CCD9 round-result net=50 total=66630
2026-06-16T08:27:29.945Z room=CFF3CCD9 round-result net=-150 total=66680
2026-06-16T08:27:43.146Z room=CFF3CCD9 round-result net=-400 total=66130
2026-06-16T08:27:54.799Z room=CFF3CCD9 round-result net=-150 total=66130
2026-06-16T08:28:08.800Z room=CFF3CCD9 round-result net=-250 total=65980
2026-06-16T08:28:22.396Z room=CFF3CCD9 round-result net=100 total=65730
2026-06-16T08:28:35.049Z room=CFF3CCD9 round-result net=300 total=65830
2026-06-16T08:28:50.361Z room=CFF3CCD9 round-result net=450 total=66130
2026-06-16T08:29:02.520Z room=CFF3CCD9 round-result net=-400 total=66580
2026-06-16T08:29:16.539Z room=CFF3CCD9 round-result net=-350 total=66180
2026-06-16T08:29:28.144Z room=CFF3CCD9 round-result net=50 total=65830
2026-06-16T08:29:42.723Z room=CFF3CCD9 round-result net=-300 total=65880
2026-06-16T08:29:54.914Z room=CFF3CCD9 round-result net=100 total=65580
2026-06-16T08:30:09.152Z room=CFF3CCD9 round-result net=350 total=65680
2026-06-16T08:30:21.492Z room=CFF3CCD9 round-result net=250 total=66030
2026-06-16T08:30:32.890Z room=CFF3CCD9 round-result net=300 total=66280
2026-06-16T08:30:44.754Z room=CFF3CCD9 round-result net=400 total=66580
2026-06-16T08:30:59.170Z room=CFF3CCD9 round-result net=450 total=66980
2026-06-16T08:31:11.109Z room=CFF3CCD9 round-result net=-250 total=67430
2026-06-16T08:31:24.939Z room=CFF3CCD9 round-result net=-50 total=67180
2026-06-16T08:31:40.878Z room=CFF3CCD9 round-result net=350 total=67130
2026-06-16T08:31:52.352Z room=CFF3CCD9 round-result net=200 total=67480
2026-06-16T08:32:06.988Z room=CFF3CCD9 round-result net=-200 total=67680
2026-06-16T08:32:21.545Z room=CFF3CCD9 round-result net=500 total=67480
2026-06-16T08:32:34.256Z room=CFF3CCD9 round-result net=325 total=67980
2026-06-16T08:32:48.491Z room=CFF3CCD9 round-result net=300 total=68305
2026-06-16T08:33:01.616Z room=CFF3CCD9 round-result net=-75 total=68605
2026-06-16T08:33:14.421Z room=CFF3CCD9 round-result net=400 total=68530
2026-06-16T08:33:27.910Z room=CFF3CCD9 round-result net=300 total=68930
2026-06-16T08:33:42.842Z room=CFF3CCD9 round-result net=50 total=69230
2026-06-16T08:33:58.319Z room=CFF3CCD9 round-result net=200 total=69280
2026-06-16T08:34:10.593Z room=CFF3CCD9 round-result net=-500 total=69480
2026-06-16T08:34:23.448Z room=CFF3CCD9 round-result net=-300 total=68980
2026-06-16T08:34:36.913Z room=CFF3CCD9 round-result net=475 total=68680
2026-06-16T08:34:50.705Z room=CFF3CCD9 round-result net=-200 total=69155
2026-06-16T08:35:02.297Z room=CFF3CCD9 round-result net=50 total=68955
2026-06-16T08:35:14.587Z room=CFF3CCD9 round-result net=-75 total=69005
2026-06-16T08:35:28.881Z room=CFF3CCD9 round-result net=0 total=68930
2026-06-16T08:35:41.957Z room=CFF3CCD9 round-result net=-300 total=68630
2026-06-16T08:35:53.117Z room=CFF3CCD9 round-result net=200 total=68730
2026-06-16T08:36:05.668Z room=CFF3CCD9 round-result net=-75 total=68830
2026-06-16T08:36:19.262Z room=CFF3CCD9 round-result net=600 total=68755
2026-06-16T08:36:32.114Z room=CFF3CCD9 round-result net=375 total=69355
2026-06-16T08:36:44.964Z room=CFF3CCD9 round-result net=200 total=69730
2026-06-16T08:36:58.266Z room=CFF3CCD9 round-result net=0 total=69930
2026-06-16T08:37:11.565Z room=CFF3CCD9 round-result net=100 total=70030
2026-06-16T08:37:22.249Z room=CFF3CCD9 round-result net=50 total=70030
2026-06-16T08:37:35.449Z room=CFF3CCD9 round-result net=350 total=70080
2026-06-16T08:37:47.184Z room=CFF3CCD9 round-result net=-250 total=70430
2026-06-16T08:38:00.599Z room=CFF3CCD9 round-result net=100 total=70180
2026-06-16T08:38:10.882Z room=CFF3CCD9 round-result net=-300 total=70280
2026-06-16T08:38:22.824Z room=CFF3CCD9 round-result net=-150 total=69980
2026-06-16T08:38:36.716Z room=CFF3CCD9 round-result net=-50 total=69830
2026-06-16T08:38:49.859Z room=CFF3CCD9 round-result net=-50 total=69780
2026-06-16T08:39:04.094Z room=CFF3CCD9 round-result net=250 total=69980
2026-06-16T08:39:16.272Z room=CFF3CCD9 round-result net=250 total=70030
2026-06-16T08:39:29.218Z room=CFF3CCD9 round-result net=-250 total=70230
2026-06-16T08:39:41.467Z room=CFF3CCD9 round-result net=50 total=69980
2026-06-16T08:39:55.031Z room=CFF3CCD9 round-result net=-250 total=70030
2026-06-16T08:40:07.285Z room=CFF3CCD9 round-result net=-100 total=69780
2026-06-16T08:40:20.524Z room=CFF3CCD9 round-result net=-50 total=69630
2026-06-16T08:40:31.867Z room=CFF3CCD9 round-result net=0 total=69630
2026-06-16T08:40:43.096Z room=CFF3CCD9 round-result net=0 total=69630
2026-06-16T08:40:58.932Z room=CFF3CCD9 round-result net=50 total=69680
2026-06-16T08:41:11.555Z room=CFF3CCD9 round-result net=-300 total=69530
2026-06-16T08:41:26.570Z room=CFF3CCD9 round-result net=-150 total=69380
2026-06-16T08:41:38.938Z room=CFF3CCD9 round-result net=-150 total=69230
2026-06-16T08:41:52.130Z room=CFF3CCD9 round-result net=100 total=69080
2026-06-16T08:42:06.043Z room=CFF3CCD9 round-result net=-250 total=69180
2026-06-16T08:42:18.195Z room=CFF3CCD9 round-result net=-150 total=68930
2026-06-16T08:42:31.109Z room=CFF3CCD9 round-result net=-200 total=68780
2026-06-16T08:42:45.075Z room=CFF3CCD9 round-result net=-150 total=68580
2026-06-16T08:42:58.987Z room=CFF3CCD9 round-result net=0 total=68430
2026-06-16T08:43:13.451Z room=CFF3CCD9 round-result net=-300 total=68430
2026-06-16T08:43:26.155Z room=CFF3CCD9 round-result net=-50 total=68130
2026-06-16T08:43:40.474Z room=CFF3CCD9 round-result net=100 total=68080
2026-06-16T08:43:52.315Z room=CFF3CCD9 round-result net=-150 total=68180
2026-06-16T08:44:05.988Z room=CFF3CCD9 round-result net=475 total=68505
2026-06-16T08:44:17.865Z room=CFF3CCD9 round-result net=-150 total=68455
2026-06-16T08:44:29.858Z room=CFF3CCD9 round-result net=0 total=68355
2026-06-16T08:44:44.430Z room=CFF3CCD9 round-result net=100 total=68455
2026-06-16T08:44:56.864Z room=CFF3CCD9 round-result net=-250 total=68455
2026-06-16T08:45:08.687Z room=CFF3CCD9 round-result net=350 total=68205
2026-06-16T08:45:22.053Z room=CFF3CCD9 round-result net=350 total=68555
2026-06-16T08:45:33.827Z room=CFF3CCD9 round-result net=50 total=68905
2026-06-16T08:45:46.876Z room=CFF3CCD9 round-result net=-450 total=68955
2026-06-16T08:45:58.910Z room=CFF3CCD9 round-result net=-300 total=68505
2026-06-16T08:46:11.683Z room=CFF3CCD9 round-result net=-350 total=68205
2026-06-16T08:46:24.210Z room=CFF3CCD9 round-result net=-300 total=67855
2026-06-16T08:46:36.864Z room=CFF3CCD9 round-result net=-150 total=67555
2026-06-16T08:46:50.575Z room=CFF3CCD9 round-result net=250 total=67405
2026-06-16T08:47:04.647Z room=CFF3CCD9 round-result net=-50 total=67655
2026-06-16T08:47:21.312Z room=CFF3CCD9 round-result net=-100 total=67505
2026-06-16T08:47:33.315Z room=CFF3CCD9 round-result net=350 total=67505
2026-06-16T08:47:45.781Z room=CFF3CCD9 round-result net=75 total=67855
2026-06-16T08:48:01.672Z room=CFF3CCD9 round-result net=400 total=67930
2026-06-16T08:48:16.616Z room=CFF3CCD9 round-result net=-400 total=68330
2026-06-16T08:48:29.625Z room=CFF3CCD9 round-result net=-400 total=67930
2026-06-16T08:48:42.468Z room=CFF3CCD9 round-result net=125 total=67530
2026-06-16T08:48:54.268Z room=CFF3CCD9 round-result net=-400 total=67655
2026-06-16T08:49:07.493Z room=CFF3CCD9 round-result net=-250 total=67255
2026-06-16T08:49:22.022Z room=CFF3CCD9 round-result net=350 total=67005
2026-06-16T08:49:36.959Z room=CFF3CCD9 round-result net=400 total=67355
2026-06-16T08:49:49.778Z room=CFF3CCD9 round-result net=50 total=67755
2026-06-16T08:50:02.218Z room=CFF3CCD9 round-result net=200 total=67805
2026-06-16T08:50:14.822Z room=CFF3CCD9 round-result net=-150 total=68005
2026-06-16T08:50:26.911Z room=CFF3CCD9 round-result net=-300 total=67855
2026-06-16T08:50:39.870Z room=CFF3CCD9 round-result net=325 total=67880
2026-06-16T08:50:52.684Z room=CFF3CCD9 round-result net=300 total=67930
2026-06-16T08:51:05.464Z room=CFF3CCD9 round-result net=300 total=68180
2026-06-16T08:51:20.263Z room=CFF3CCD9 round-result net=300 total=68480
2026-06-16T08:51:34.149Z room=CFF3CCD9 round-result net=450 total=68780
2026-06-16T08:51:46.920Z room=CFF3CCD9 round-result net=500 total=69230
2026-06-16T08:51:58.860Z room=CFF3CCD9 round-result net=275 total=69730
2026-06-16T08:52:13.733Z room=CFF3CCD9 round-result net=-250 total=70005
2026-06-16T08:52:25.486Z room=CFF3CCD9 round-result net=-300 total=69755
2026-06-16T08:52:40.135Z room=CFF3CCD9 round-result net=50 total=69455
2026-06-16T08:52:53.771Z room=CFF3CCD9 round-result net=-200 total=69505
2026-06-16T08:53:06.961Z room=CFF3CCD9 round-result net=-400 total=69305
2026-06-16T08:53:19.929Z room=CFF3CCD9 round-result net=-350 total=68905
2026-06-16T08:53:34.041Z room=CFF3CCD9 round-result net=450 total=68555
2026-06-16T08:53:47.657Z room=CFF3CCD9 round-result net=-100 total=69005
2026-06-16T08:54:01.664Z room=CFF3CCD9 round-result net=350 total=68905
2026-06-16T08:54:15.971Z room=CFF3CCD9 round-result net=350 total=69255
2026-06-16T08:54:28.638Z room=CFF3CCD9 round-result net=-25 total=69605
2026-06-16T08:54:41.065Z room=CFF3CCD9 round-result net=-100 total=69580
2026-06-16T08:54:54.389Z room=CFF3CCD9 round-result net=-250 total=69480
2026-06-16T08:55:07.684Z room=CFF3CCD9 round-result net=-250 total=69230
2026-06-16T08:55:21.992Z room=CFF3CCD9 round-result net=-200 total=68980
2026-06-16T08:55:34.996Z room=CFF3CCD9 round-result net=275 total=68780
2026-06-16T08:55:47.104Z room=CFF3CCD9 round-result net=250 total=69055
2026-06-16T08:55:59.357Z room=CFF3CCD9 round-result net=225 total=69305
2026-06-16T08:56:12.063Z room=CFF3CCD9 round-result net=200 total=69530
2026-06-16T08:56:25.989Z room=CFF3CCD9 round-result net=50 total=69730
2026-06-16T08:56:38.132Z room=CFF3CCD9 round-result net=-350 total=69780
2026-06-16T08:56:48.991Z room=CFF3CCD9 round-result net=250 total=69430
2026-06-16T08:57:03.137Z room=CFF3CCD9 round-result net=-150 total=69680
2026-06-16T08:57:17.581Z room=CFF3CCD9 round-result net=100 total=69530
2026-06-16T08:57:31.348Z room=CFF3CCD9 round-result net=225 total=69630
2026-06-16T08:57:43.247Z room=CFF3CCD9 round-result net=325 total=69855
2026-06-16T08:57:55.233Z room=CFF3CCD9 round-result net=-100 total=70180
2026-06-16T08:58:08.618Z room=CFF3CCD9 round-result net=-350 total=70080
2026-06-16T08:58:22.652Z room=CFF3CCD9 round-result net=200 total=69730
2026-06-16T08:58:36.267Z room=CFF3CCD9 round-result net=400 total=69930
2026-06-16T08:58:49.674Z room=CFF3CCD9 round-result net=200 total=70330
2026-06-16T08:59:02.106Z room=CFF3CCD9 round-result net=225 total=70530
2026-06-16T08:59:14.644Z room=CFF3CCD9 round-result net=300 total=70755
2026-06-16T08:59:29.877Z room=CFF3CCD9 round-result net=300 total=71055
2026-06-16T08:59:42.358Z room=CFF3CCD9 round-result net=-50 total=71355
2026-06-16T08:59:55.021Z room=CFF3CCD9 round-result net=-200 total=71305
2026-06-16T09:00:08.360Z room=CFF3CCD9 round-result net=450 total=71105
2026-06-16T09:00:21.767Z room=CFF3CCD9 round-result net=100 total=71555
2026-06-16T09:00:34.973Z room=CFF3CCD9 round-result net=300 total=71655
2026-06-16T09:00:48.436Z room=CFF3CCD9 round-result net=-400 total=71955
2026-06-16T09:01:00.773Z room=CFF3CCD9 round-result net=300 total=71555
2026-06-16T09:01:12.447Z room=CFF3CCD9 round-result net=250 total=71855
2026-06-16T09:01:24.811Z room=CFF3CCD9 round-result net=-250 total=72105
2026-06-16T09:01:39.010Z room=CFF3CCD9 round-result net=50 total=71855
2026-06-16T09:01:53.458Z room=CFF3CCD9 round-result net=400 total=71905
2026-06-16T09:02:06.298Z room=CFF3CCD9 round-result net=-200 total=72305
2026-06-16T09:02:19.276Z room=CFF3CCD9 round-result net=300 total=72105
2026-06-16T09:02:31.264Z room=CFF3CCD9 round-result net=300 total=72405
2026-06-16T09:02:43.801Z room=CFF3CCD9 round-result net=-150 total=72705
2026-06-16T09:02:59.746Z room=CFF3CCD9 round-result net=-50 total=72555
2026-06-16T09:03:11.343Z room=CFF3CCD9 round-result net=400 total=72505
2026-06-16T09:03:22.638Z room=CFF3CCD9 round-result net=75 total=72905
2026-06-16T09:03:34.430Z room=CFF3CCD9 round-result net=-250 total=72980
2026-06-16T09:03:48.588Z room=CFF3CCD9 round-result net=-350 total=72730
2026-06-16T09:04:01.222Z room=CFF3CCD9 round-result net=-550 total=72380
2026-06-16T09:04:14.787Z room=CFF3CCD9 round-result net=-200 total=71830
2026-06-16T09:04:26.340Z room=CFF3CCD9 round-result net=0 total=71630
2026-06-16T09:04:40.389Z room=CFF3CCD9 round-result net=-150 total=71630
2026-06-16T09:04:52.480Z room=CFF3CCD9 round-result net=500 total=71480
2026-06-16T09:05:03.990Z room=CFF3CCD9 round-result net=-25 total=71980
2026-06-16T09:05:17.239Z room=CFF3CCD9 round-result net=-250 total=71955
2026-06-16T09:05:28.781Z room=CFF3CCD9 round-result net=300 total=71705
2026-06-16T09:05:41.456Z room=CFF3CCD9 round-result net=-300 total=72005
2026-06-16T09:05:55.597Z room=CFF3CCD9 round-result net=-75 total=71705
2026-06-16T09:06:09.449Z room=CFF3CCD9 round-result net=350 total=71630
2026-06-16T09:06:23.053Z room=CFF3CCD9 round-result net=-200 total=71980
2026-06-16T09:06:36.881Z room=CFF3CCD9 round-result net=200 total=71780
2026-06-16T09:06:50.042Z room=CFF3CCD9 round-result net=-250 total=71980
2026-06-16T09:07:04.815Z room=CFF3CCD9 round-result net=450 total=71730
2026-06-16T09:07:17.433Z room=CFF3CCD9 round-result net=50 total=72180
2026-06-16T09:07:29.989Z room=CFF3CCD9 round-result net=350 total=72230
2026-06-16T09:07:43.938Z room=CFF3CCD9 round-result net=-150 total=72580
2026-06-16T09:07:59.666Z room=CFF3CCD9 round-result net=250 total=72430
2026-06-16T09:08:12.782Z room=CFF3CCD9 round-result net=250 total=72680
2026-06-16T09:08:25.042Z room=CFF3CCD9 round-result net=-300 total=72930
2026-06-16T09:08:37.306Z room=CFF3CCD9 round-result net=0 total=72630
2026-06-16T09:08:50.716Z room=CFF3CCD9 round-result net=200 total=72830
2026-06-16T09:09:02.446Z room=CFF3CCD9 round-result net=-450 total=72680
2026-06-16T09:09:15.182Z room=CFF3CCD9 round-result net=0 total=72380
2026-06-16T09:09:28.518Z room=CFF3CCD9 round-result net=-300 total=72080
2026-06-16T09:09:42.792Z room=CFF3CCD9 round-result net=50 total=72080
2026-06-16T09:09:55.938Z room=CFF3CCD9 round-result net=300 total=72130
2026-06-16T09:10:06.541Z room=CFF3CCD9 round-result net=150 total=72430
2026-06-16T09:10:20.002Z room=CFF3CCD9 round-result net=-100 total=72580
2026-06-16T09:10:31.409Z room=CFF3CCD9 round-result net=100 total=72480
2026-06-16T09:10:44.837Z room=CFF3CCD9 round-result net=-250 total=72330
2026-06-16T09:10:56.496Z room=CFF3CCD9 round-result net=150 total=72330
2026-06-16T09:11:09.564Z room=CFF3CCD9 round-result net=-300 total=72480
2026-06-16T09:11:20.587Z room=CFF3CCD9 round-result net=250 total=72180
2026-06-16T09:11:33.497Z room=CFF3CCD9 round-result net=300 total=72430
2026-06-16T09:11:47.029Z room=CFF3CCD9 round-result net=-100 total=72730
2026-06-16T09:11:59.700Z room=CFF3CCD9 round-result net=-150 total=72630
2026-06-16T09:12:12.143Z room=CFF3CCD9 round-result net=350 total=72480
2026-06-16T09:12:26.273Z room=CFF3CCD9 round-result net=100 total=72830
2026-06-16T09:12:38.411Z room=CFF3CCD9 round-result net=150 total=72930
2026-06-16T09:12:51.447Z room=CFF3CCD9 round-result net=-250 total=73080
2026-06-16T09:13:03.724Z room=CFF3CCD9 round-result net=-450 total=72830
2026-06-16T09:13:15.871Z room=CFF3CCD9 round-result net=-250 total=72380
2026-06-16T09:13:29.444Z room=CFF3CCD9 round-result net=250 total=72130
2026-06-16T09:13:41.211Z room=CFF3CCD9 round-result net=200 total=72380
2026-06-16T09:13:55.985Z room=CFF3CCD9 round-result net=-100 total=72480
2026-06-16T09:14:10.233Z room=CFF3CCD9 round-result net=-150 total=72430
2026-06-16T09:14:22.610Z room=CFF3CCD9 round-result net=-100 total=72330
2026-06-16T09:14:36.037Z room=CFF3CCD9 round-result net=0 total=72230
2026-06-16T09:14:50.740Z room=CFF3CCD9 round-result net=-50 total=72230
2026-06-16T09:15:02.168Z room=CFF3CCD9 round-result net=225 total=72180
2026-06-16T09:15:13.221Z room=CFF3CCD9 round-result net=175 total=72405
2026-06-16T09:15:27.458Z room=CFF3CCD9 round-result net=-550 total=72580
2026-06-16T09:15:40.440Z room=CFF3CCD9 round-result net=250 total=72030
2026-06-16T09:15:54.959Z room=CFF3CCD9 round-result net=-100 total=72280
2026-06-16T09:16:09.542Z room=CFF3CCD9 round-result net=-450 total=72180
2026-06-16T09:16:22.494Z room=CFF3CCD9 round-result net=-25 total=71730
2026-06-16T09:16:35.458Z room=CFF3CCD9 round-result net=-100 total=71705
2026-06-16T09:16:47.241Z room=CFF3CCD9 round-result net=-150 total=71605
2026-06-16T09:16:59.663Z room=CFF3CCD9 round-result net=-175 total=71455
2026-06-16T09:17:12.972Z room=CFF3CCD9 round-result net=-350 total=71280
2026-06-16T09:17:26.464Z room=CFF3CCD9 round-result net=50 total=70930
2026-06-16T09:17:40.706Z room=CFF3CCD9 round-result net=-400 total=70980
2026-06-16T09:17:53.666Z room=CFF3CCD9 round-result net=200 total=70580
2026-06-16T09:18:06.221Z room=CFF3CCD9 round-result net=375 total=70780
2026-06-16T09:18:20.358Z room=CFF3CCD9 round-result net=400 total=71155
2026-06-16T09:18:31.852Z room=CFF3CCD9 round-result net=125 total=71555
2026-06-16T09:18:47.834Z room=CFF3CCD9 round-result net=-450 total=71680
2026-06-16T09:19:00.163Z room=CFF3CCD9 round-result net=-400 total=71230
2026-06-16T09:19:11.864Z room=CFF3CCD9 round-result net=350 total=70830
2026-06-16T09:19:26.712Z room=CFF3CCD9 round-result net=100 total=71180
2026-06-16T09:19:38.965Z room=CFF3CCD9 round-result net=-300 total=71280
2026-06-16T09:19:52.722Z room=CFF3CCD9 round-result net=50 total=70980
2026-06-16T09:20:04.887Z room=CFF3CCD9 round-result net=25 total=71030
2026-06-16T09:20:16.814Z room=CFF3CCD9 round-result net=-25 total=71055
2026-06-16T09:20:31.432Z room=CFF3CCD9 round-result net=200 total=71230
2026-06-16T09:20:42.661Z room=CFF3CCD9 round-result net=-350 total=71130
2026-06-16T09:20:58.080Z room=CFF3CCD9 round-result net=-50 total=70880
2026-06-16T09:21:09.591Z room=CFF3CCD9 round-result net=50 total=70830
2026-06-16T09:21:22.771Z room=CFF3CCD9 round-result net=300 total=70880
2026-06-16T09:21:35.122Z room=CFF3CCD9 round-result net=-200 total=71180
2026-06-16T09:21:47.650Z room=CFF3CCD9 round-result net=-200 total=70980
2026-06-16T09:22:00.867Z room=CFF3CCD9 round-result net=-50 total=70780
2026-06-16T09:22:13.589Z room=CFF3CCD9 round-result net=150 total=70730
2026-06-16T09:22:26.510Z room=CFF3CCD9 round-result net=-100 total=70880
2026-06-16T09:22:39.233Z room=CFF3CCD9 round-result net=-250 total=70780
2026-06-16T09:22:54.018Z room=CFF3CCD9 round-result net=325 total=70530
2026-06-16T09:23:07.500Z room=CFF3CCD9 round-result net=300 total=70855
2026-06-16T09:23:23.199Z room=CFF3CCD9 round-result net=350 total=71155
2026-06-16T09:23:36.328Z room=CFF3CCD9 round-result net=-350 total=71505
2026-06-16T09:23:52.256Z room=CFF3CCD9 round-result net=300 total=71155
2026-06-16T09:24:07.200Z room=CFF3CCD9 round-result net=250 total=71455
2026-06-16T09:24:21.115Z room=CFF3CCD9 round-result net=350 total=71705
2026-06-16T09:24:34.553Z room=CFF3CCD9 round-result net=300 total=72055
2026-06-16T09:24:45.945Z room=CFF3CCD9 round-result net=50 total=72355
2026-06-16T09:24:59.783Z room=CFF3CCD9 round-result net=200 total=72405
2026-06-16T09:25:12.755Z room=CFF3CCD9 round-result net=-100 total=72605
2026-06-16T09:25:25.560Z room=CFF3CCD9 round-result net=-200 total=72505
2026-06-16T09:25:39.249Z room=CFF3CCD9 round-result net=350 total=72305
2026-06-16T09:25:52.085Z room=CFF3CCD9 round-result net=50 total=72655
2026-06-16T09:26:04.518Z room=CFF3CCD9 round-result net=300 total=72705
2026-06-16T09:26:16.097Z room=CFF3CCD9 round-result net=-200 total=73005
2026-06-16T09:26:31.486Z room=CFF3CCD9 round-result net=-50 total=72805
2026-06-16T09:26:45.009Z room=CFF3CCD9 round-result net=150 total=72755
2026-06-16T09:26:58.385Z room=CFF3CCD9 round-result net=-250 total=72905
2026-06-16T09:27:10.474Z room=CFF3CCD9 round-result net=250 total=72655
2026-06-16T09:27:24.498Z room=CFF3CCD9 round-result net=350 total=73255
2026-06-16T09:27:36.768Z room=CFF3CCD9 round-result net=350 total=73255
2026-06-16T09:27:51.189Z room=CFF3CCD9 round-result net=300 total=73605
2026-06-16T09:28:03.179Z room=CFF3CCD9 round-result net=-200 total=73905
2026-06-16T09:28:19.166Z room=CFF3CCD9 round-result net=-350 total=73705
2026-06-16T09:28:32.661Z room=CFF3CCD9 round-result net=250 total=73355
2026-06-16T09:28:46.599Z room=CFF3CCD9 round-result net=250 total=73605
2026-06-16T09:28:57.185Z room=CFF3CCD9 round-result net=-350 total=73855
2026-06-16T09:29:10.285Z room=CFF3CCD9 round-result net=-250 total=73505
2026-06-16T09:29:23.371Z room=CFF3CCD9 round-result net=-50 total=73255
2026-06-16T09:29:35.267Z room=CFF3CCD9 round-result net=-100 total=73205
2026-06-16T09:29:46.355Z room=CFF3CCD9 round-result net=300 total=73105
2026-06-16T09:29:59.565Z room=CFF3CCD9 round-result net=150 total=73405
2026-06-16T09:30:13.005Z room=CFF3CCD9 round-result net=-200 total=73555
2026-06-16T09:30:25.205Z room=CFF3CCD9 round-result net=-100 total=73355
2026-06-16T09:30:37.638Z room=CFF3CCD9 round-result net=100 total=73255
2026-06-16T09:30:49.877Z room=CFF3CCD9 round-result net=-250 total=73355
2026-06-16T09:31:02.057Z room=CFF3CCD9 round-result net=-350 total=73105
2026-06-16T09:31:17.414Z room=CFF3CCD9 round-result net=-300 total=72755
2026-06-16T09:31:30.407Z room=CFF3CCD9 round-result net=400 total=72455
2026-06-16T09:31:45.614Z room=CFF3CCD9 round-result net=100 total=72855
2026-06-16T09:31:57.875Z room=CFF3CCD9 round-result net=225 total=72955
2026-06-16T09:32:11.362Z room=CFF3CCD9 round-result net=-250 total=73180
2026-06-16T09:32:26.586Z room=CFF3CCD9 round-result net=300 total=72930
2026-06-16T09:32:39.123Z room=CFF3CCD9 round-result net=0 total=73230
2026-06-16T09:32:50.938Z room=CFF3CCD9 round-result net=300 total=73230
2026-06-16T09:33:02.657Z room=CFF3CCD9 round-result net=-100 total=73530
2026-06-16T09:33:16.225Z room=CFF3CCD9 round-result net=300 total=73430
2026-06-16T09:33:29.424Z room=CFF3CCD9 round-result net=300 total=73730
2026-06-16T09:33:45.366Z room=CFF3CCD9 round-result net=250 total=74030
2026-06-16T09:33:57.133Z room=CFF3CCD9 round-result net=300 total=74280
2026-06-16T09:34:09.344Z room=CFF3CCD9 round-result net=-50 total=74580
2026-06-16T09:34:21.582Z room=CFF3CCD9 round-result net=-200 total=74530
2026-06-16T09:34:33.359Z room=CFF3CCD9 round-result net=175 total=74330
2026-06-16T09:34:46.736Z room=CFF3CCD9 round-result net=200 total=74505
2026-06-16T09:35:01.032Z room=CFF3CCD9 round-result net=350 total=75055
2026-06-16T09:35:13.915Z room=CFF3CCD9 round-result net=-200 total=75055
2026-06-16T09:35:28.063Z room=CFF3CCD9 round-result net=0 total=74855
2026-06-16T09:35:41.814Z room=CFF3CCD9 round-result net=-100 total=74855
2026-06-16T09:35:55.843Z room=CFF3CCD9 round-result net=0 total=74755
2026-06-16T09:36:09.304Z room=CFF3CCD9 round-result net=-50 total=74755
2026-06-16T09:36:21.382Z room=CFF3CCD9 round-result net=-150 total=74705
2026-06-16T09:36:33.266Z room=CFF3CCD9 round-result net=0 total=74555
2026-06-16T09:36:45.584Z room=CFF3CCD9 round-result net=300 total=74855
2026-06-16T09:36:57.052Z room=CFF3CCD9 round-result net=200 total=74855
2026-06-16T09:37:11.356Z room=CFF3CCD9 round-result net=800 total=75055
2026-06-16T09:37:24.944Z room=CFF3CCD9 round-result net=-150 total=75855
2026-06-16T09:37:39.641Z room=CFF3CCD9 round-result net=-250 total=75705
2026-06-16T09:37:53.875Z room=CFF3CCD9 round-result net=0 total=75455
2026-06-16T09:38:08.668Z room=CFF3CCD9 round-result net=150 total=75605
2026-06-16T09:38:22.217Z room=CFF3CCD9 round-result net=400 total=75755
2026-06-16T09:38:34.427Z room=CFF3CCD9 round-result net=550 total=76005
2026-06-16T09:38:48.513Z room=CFF3CCD9 round-result net=-400 total=76555
2026-06-16T09:38:59.265Z room=CFF3CCD9 round-result net=-250 total=76155
2026-06-16T09:39:10.735Z room=CFF3CCD9 round-result net=350 total=75905
2026-06-16T09:39:22.409Z room=CFF3CCD9 round-result net=100 total=76255
2026-06-16T09:39:35.145Z room=CFF3CCD9 round-result net=425 total=76355
2026-06-16T09:39:48.820Z room=CFF3CCD9 round-result net=300 total=76780
2026-06-16T09:40:01.576Z room=CFF3CCD9 round-result net=-50 total=77080
2026-06-16T09:40:14.098Z room=CFF3CCD9 round-result net=-50 total=77030
2026-06-16T09:40:27.360Z room=CFF3CCD9 round-result net=-250 total=76980
2026-06-16T09:40:38.874Z room=CFF3CCD9 round-result net=-175 total=76730
2026-06-16T09:40:51.186Z room=CFF3CCD9 round-result net=350 total=76555
2026-06-16T09:41:02.924Z room=CFF3CCD9 round-result net=250 total=76905
2026-06-16T09:41:15.499Z room=CFF3CCD9 round-result net=300 total=77155
2026-06-16T09:41:30.846Z room=CFF3CCD9 round-result net=300 total=77455
2026-06-16T09:41:44.402Z room=CFF3CCD9 round-result net=-50 total=77755
2026-06-16T09:41:59.377Z room=CFF3CCD9 round-result net=350 total=77705
2026-06-16T09:42:11.815Z room=CFF3CCD9 round-result net=-250 total=78055
2026-06-16T09:42:25.872Z room=CFF3CCD9 round-result net=400 total=77805
2026-06-16T09:42:39.730Z room=CFF3CCD9 round-result net=350 total=78205
2026-06-16T09:42:52.384Z room=CFF3CCD9 round-result net=-250 total=78555
2026-06-16T09:43:05.967Z room=CFF3CCD9 round-result net=500 total=78305
2026-06-16T09:43:17.697Z room=CFF3CCD9 round-result net=-100 total=78805
2026-06-16T09:43:29.152Z room=CFF3CCD9 round-result net=300 total=78705
2026-06-16T09:43:43.169Z room=CFF3CCD9 round-result net=50 total=79005
2026-06-16T09:43:54.327Z room=CFF3CCD9 round-result net=-50 total=79055
2026-06-16T09:44:06.963Z room=CFF3CCD9 round-result net=200 total=79005
2026-06-16T09:44:19.185Z room=CFF3CCD9 round-result net=-50 total=79205
2026-06-16T09:44:31.703Z room=CFF3CCD9 round-result net=-200 total=79155
2026-06-16T09:44:44.615Z room=CFF3CCD9 round-result net=-75 total=78955
2026-06-16T09:44:57.681Z room=CFF3CCD9 round-result net=400 total=78880
2026-06-16T09:45:10.208Z room=CFF3CCD9 round-result net=-200 total=79280
2026-06-16T09:45:24.433Z room=CFF3CCD9 round-result net=-50 total=79080
2026-06-16T09:45:37.588Z room=CFF3CCD9 round-result net=300 total=79330
2026-06-16T09:45:51.028Z room=CFF3CCD9 round-result net=450 total=79480
2026-06-16T09:46:03.993Z room=CFF3CCD9 round-result net=-300 total=79780
2026-06-16T09:46:18.518Z room=CFF3CCD9 round-result net=50 total=79480
2026-06-16T09:46:31.417Z room=CFF3CCD9 round-result net=100 total=79530
2026-06-16T09:46:44.069Z room=CFF3CCD9 round-result net=300 total=79630
2026-06-16T09:46:56.094Z room=CFF3CCD9 round-result net=-350 total=79930
2026-06-16T09:47:07.831Z room=CFF3CCD9 round-result net=-500 total=79580
2026-06-16T09:47:21.033Z room=CFF3CCD9 round-result net=100 total=79080
2026-06-16T09:47:33.748Z room=CFF3CCD9 round-result net=-350 total=79180
2026-06-16T09:47:48.510Z room=CFF3CCD9 round-result net=-350 total=78830
2026-06-16T09:48:00.804Z room=CFF3CCD9 round-result net=350 total=78480
2026-06-16T09:48:14.399Z room=CFF3CCD9 round-result net=300 total=78830
2026-06-16T09:48:27.807Z room=CFF3CCD9 round-result net=-500 total=79130
2026-06-16T09:48:40.919Z room=CFF3CCD9 round-result net=-150 total=78630
2026-06-16T09:48:52.102Z room=CFF3CCD9 round-result net=325 total=78480
2026-06-16T09:49:02.287Z room=CFF3CCD9 round-result net=-75 total=78805
2026-06-16T09:49:17.800Z room=CFF3CCD9 round-result net=200 total=78730
2026-06-16T09:49:29.864Z room=CFF3CCD9 round-result net=0 total=78930
2026-06-16T09:49:45.261Z room=CFF3CCD9 round-result net=-300 total=78930
2026-06-16T09:50:00.818Z room=CFF3CCD9 round-result net=150 total=78630
2026-06-16T09:50:13.133Z room=CFF3CCD9 round-result net=325 total=78780
2026-06-16T09:50:27.494Z room=CFF3CCD9 round-result net=250 total=79105
2026-06-16T09:50:41.992Z room=CFF3CCD9 round-result net=-150 total=79355
2026-06-16T09:50:57.192Z room=CFF3CCD9 round-result net=-300 total=79205
2026-06-16T09:51:10.922Z room=CFF3CCD9 round-result net=350 total=78905
2026-06-16T09:51:21.867Z room=CFF3CCD9 round-result net=25 total=79255
2026-06-16T09:51:35.142Z room=CFF3CCD9 round-result net=-150 total=79280
2026-06-16T09:51:50.177Z room=CFF3CCD9 round-result net=300 total=79130
2026-06-16T09:52:03.888Z room=CFF3CCD9 round-result net=-250 total=79430
2026-06-16T09:52:14.734Z room=CFF3CCD9 round-result net=-200 total=79180
2026-06-16T09:52:28.379Z room=CFF3CCD9 round-result net=-500 total=78980
2026-06-16T09:52:40.447Z room=CFF3CCD9 round-result net=-200 total=78480
2026-06-16T09:52:52.308Z room=CFF3CCD9 round-result net=-50 total=78280
2026-06-16T09:53:06.976Z room=CFF3CCD9 round-result net=0 total=78230
2026-06-16T09:53:19.431Z room=CFF3CCD9 round-result net=-150 total=78080
2026-06-16T09:53:33.209Z room=CFF3CCD9 round-result net=100 total=78130
2026-06-16T09:53:46.996Z room=CFF3CCD9 round-result net=-100 total=78180
2026-06-16T09:53:58.876Z room=CFF3CCD9 round-result net=50 total=78080
2026-06-16T09:54:09.684Z room=CFF3CCD9 round-result net=125 total=78130
2026-06-16T09:54:22.754Z room=CFF3CCD9 round-result net=-250 total=78255
2026-06-16T09:54:39.062Z room=CFF3CCD9 round-result net=300 total=78305
2026-06-16T09:54:51.564Z room=CFF3CCD9 round-result net=-100 total=78305
2026-06-16T09:55:05.752Z room=CFF3CCD9 round-result net=200 total=78205
2026-06-16T09:55:18.695Z room=CFF3CCD9 round-result net=175 total=78580
2026-06-16T09:55:31.837Z room=CFF3CCD9 round-result net=-50 total=78580
2026-06-16T09:55:43.819Z room=CFF3CCD9 round-result net=250 total=78530
2026-06-16T09:55:56.565Z room=CFF3CCD9 round-result net=-400 total=78780
2026-06-16T09:56:12.259Z room=CFF3CCD9 round-result net=-400 total=78380
2026-06-16T09:56:24.247Z room=CFF3CCD9 round-result net=-150 total=77980
2026-06-16T09:56:37.096Z room=CFF3CCD9 round-result net=150 total=77830
2026-06-16T09:56:48.499Z room=CFF3CCD9 round-result net=-200 total=77980
2026-06-16T09:57:01.576Z room=CFF3CCD9 round-result net=-300 total=77480
2026-06-16T09:57:15.109Z room=CFF3CCD9 round-result net=-600 total=77330
2026-06-16T09:57:29.698Z room=CFF3CCD9 round-result net=0 total=76880
2026-06-16T09:57:44.502Z room=CFF3CCD9 round-result net=-500 total=76880
2026-06-16T09:57:56.825Z room=CFF3CCD9 round-result net=-300 total=76380
2026-06-16T09:58:09.456Z room=CFF3CCD9 round-result net=-250 total=76080
2026-06-16T09:58:22.120Z room=CFF3CCD9 round-result net=200 total=75830
2026-06-16T09:58:34.636Z room=CFF3CCD9 round-result net=325 total=76030
2026-06-16T09:58:47.789Z room=CFF3CCD9 round-result net=50 total=76355
2026-06-16T09:58:59.704Z room=CFF3CCD9 round-result net=100 total=76405
2026-06-16T09:59:13.764Z room=CFF3CCD9 round-result net=350 total=76505
2026-06-16T09:59:25.644Z room=CFF3CCD9 round-result net=-300 total=76855
2026-06-16T09:59:38.421Z room=CFF3CCD9 round-result net=50 total=76555
2026-06-16T09:59:52.104Z room=CFF3CCD9 round-result net=-100 total=76605
2026-06-16T10:00:04.835Z room=CFF3CCD9 round-result net=-250 total=76505
2026-06-16T10:00:17.695Z room=CFF3CCD9 round-result net=300 total=76255
2026-06-16T10:00:29.862Z room=CFF3CCD9 round-result net=-450 total=76555
2026-06-16T10:00:43.195Z room=CFF3CCD9 round-result net=350 total=76105
2026-06-16T10:00:56.452Z room=CFF3CCD9 round-result net=-300 total=76455
2026-06-16T10:01:11.126Z room=CFF3CCD9 round-result net=0 total=76155
2026-06-16T10:01:22.637Z room=CFF3CCD9 round-result net=350 total=76155
2026-06-16T10:01:34.846Z room=CFF3CCD9 round-result net=150 total=76505
2026-06-16T10:01:48.682Z room=CFF3CCD9 round-result net=50 total=76655
2026-06-16T10:02:00.938Z room=CFF3CCD9 round-result net=-300 total=76705
2026-06-16T10:02:13.652Z room=CFF3CCD9 round-result net=100 total=76405
2026-06-16T10:02:25.978Z room=CFF3CCD9 round-result net=125 total=76505
2026-06-16T10:02:38.908Z room=CFF3CCD9 round-result net=-350 total=76630
2026-06-16T10:02:52.793Z room=CFF3CCD9 round-result net=200 total=76280
2026-06-16T10:03:05.224Z room=CFF3CCD9 round-result net=-100 total=76480
2026-06-16T10:03:15.843Z room=CFF3CCD9 round-result net=-50 total=76380
2026-06-16T10:03:28.814Z room=CFF3CCD9 round-result net=-100 total=76330
2026-06-16T10:03:40.002Z room=CFF3CCD9 round-result net=-50 total=76230
2026-06-16T10:03:53.355Z room=CFF3CCD9 round-result net=-300 total=76180
2026-06-16T10:04:07.952Z room=CFF3CCD9 round-result net=-200 total=75880
2026-06-16T10:04:22.757Z room=CFF3CCD9 round-result net=0 total=75680
2026-06-16T10:04:34.610Z room=CFF3CCD9 round-result net=-300 total=75680
2026-06-16T10:04:49.441Z room=CFF3CCD9 round-result net=-300 total=75080
2026-06-16T10:05:01.468Z room=CFF3CCD9 round-result net=-450 total=74930
2026-06-16T10:05:15.418Z room=CFF3CCD9 round-result net=450 total=74630
2026-06-16T10:05:26.668Z room=CFF3CCD9 round-result net=100 total=75080
2026-06-16T10:05:37.995Z room=CFF3CCD9 round-result net=200 total=75180
2026-06-16T10:05:50.001Z room=CFF3CCD9 round-result net=100 total=75380
2026-06-16T10:06:03.309Z room=CFF3CCD9 round-result net=-50 total=75480
2026-06-16T10:06:15.865Z room=CFF3CCD9 round-result net=0 total=75430
2026-06-16T10:06:29.703Z room=CFF3CCD9 round-result net=-250 total=75430
2026-06-16T10:06:43.601Z room=CFF3CCD9 round-result net=-50 total=75180
2026-06-16T10:06:56.345Z room=CFF3CCD9 round-result net=500 total=75130
2026-06-16T10:07:10.141Z room=CFF3CCD9 round-result net=-150 total=75630
2026-06-16T10:07:22.860Z room=CFF3CCD9 round-result net=-350 total=75480
2026-06-16T10:07:35.242Z room=CFF3CCD9 round-result net=-50 total=75130
2026-06-16T10:07:51.476Z room=CFF3CCD9 round-result net=-300 total=75080
2026-06-16T10:08:06.264Z room=CFF3CCD9 round-result net=-400 total=74780
2026-06-16T10:08:18.520Z room=CFF3CCD9 round-result net=350 total=74380
2026-06-16T10:08:31.380Z room=CFF3CCD9 round-result net=-250 total=74730
2026-06-16T10:08:44.532Z room=CFF3CCD9 round-result net=50 total=74480
2026-06-16T10:08:57.112Z room=CFF3CCD9 round-result net=-175 total=74530
2026-06-16T10:09:11.022Z room=CFF3CCD9 round-result net=-100 total=74355
2026-06-16T10:09:20.798Z room=CFF3CCD9 round-result net=-100 total=74255
2026-06-16T10:09:35.311Z room=CFF3CCD9 round-result net=-350 total=74155
2026-06-16T10:09:47.548Z room=CFF3CCD9 round-result net=-300 total=73805
2026-06-16T10:10:00.888Z room=CFF3CCD9 round-result net=50 total=73505
2026-06-16T10:10:12.834Z room=CFF3CCD9 round-result net=200 total=73555
2026-06-16T10:10:26.076Z room=CFF3CCD9 round-result net=-350 total=73755
2026-06-16T10:10:37.764Z room=CFF3CCD9 round-result net=200 total=73405
2026-06-16T10:10:53.219Z room=CFF3CCD9 round-result net=150 total=73605
2026-06-16T10:11:06.978Z room=CFF3CCD9 round-result net=250 total=73755
2026-06-16T10:11:25.045Z room=CFF3CCD9 round-result net=250 total=74005
2026-06-16T10:11:38.746Z room=CFF3CCD9 round-result net=50 total=74255
2026-06-16T10:11:52.658Z room=CFF3CCD9 round-result net=250 total=74305
2026-06-16T10:12:05.107Z room=CFF3CCD9 round-result net=-100 total=74555
2026-06-16T10:12:17.366Z room=CFF3CCD9 round-result net=300 total=74455
2026-06-16T10:12:32.666Z room=CFF3CCD9 round-result net=-200 total=74755
2026-06-16T10:12:45.987Z room=CFF3CCD9 round-result net=-50 total=74505
2026-06-16T10:13:00.100Z room=CFF3CCD9 round-result net=-150 total=74405
2026-06-16T10:13:11.267Z room=CFF3CCD9 round-result net=-200 total=74355
2026-06-16T10:13:25.485Z room=CFF3CCD9 round-result net=-400 total=74155
2026-06-16T10:13:39.698Z room=CFF3CCD9 round-result net=-300 total=73755
2026-06-16T10:13:51.496Z room=CFF3CCD9 round-result net=-50 total=73455
2026-06-16T10:14:03.839Z room=CFF3CCD9 round-result net=-200 total=73405
2026-06-16T10:14:17.232Z room=CFF3CCD9 round-result net=-350 total=72855
2026-06-16T10:14:30.712Z room=CFF3CCD9 round-result net=-250 total=72555
2026-06-16T10:14:44.697Z room=CFF3CCD9 round-result net=250 total=72605
2026-06-16T10:14:55.252Z room=CFF3CCD9 round-result net=0 total=72855
2026-06-16T10:15:09.293Z room=CFF3CCD9 round-result net=-250 total=72855
2026-06-16T10:15:22.491Z room=CFF3CCD9 round-result net=350 total=72605
2026-06-16T10:15:34.123Z room=CFF3CCD9 round-result net=250 total=72955
2026-06-16T10:15:48.520Z room=CFF3CCD9 round-result net=350 total=73205
2026-06-16T10:16:00.518Z room=CFF3CCD9 round-result net=200 total=73555
2026-06-16T10:16:14.460Z room=CFF3CCD9 round-result net=200 total=73755
2026-06-16T10:16:28.423Z room=CFF3CCD9 round-result net=450 total=73955
2026-06-16T10:16:39.783Z room=CFF3CCD9 round-result net=300 total=74405
2026-06-16T10:16:51.627Z room=CFF3CCD9 round-result net=-200 total=74705
2026-06-16T10:17:05.078Z room=CFF3CCD9 round-result net=-225 total=74505
2026-06-16T10:17:19.372Z room=CFF3CCD9 round-result net=250 total=74280
2026-06-16T10:17:32.696Z room=CFF3CCD9 round-result net=150 total=74530
2026-06-16T10:17:45.689Z room=CFF3CCD9 round-result net=-250 total=74680
2026-06-16T10:17:57.214Z room=CFF3CCD9 round-result net=-250 total=74430
2026-06-16T10:18:09.660Z room=CFF3CCD9 round-result net=200 total=74180
2026-06-16T10:18:22.936Z room=CFF3CCD9 round-result net=300 total=74680
2026-06-16T10:18:35.369Z room=CFF3CCD9 round-result net=150 total=74830
2026-06-16T10:18:49.852Z room=CFF3CCD9 round-result net=0 total=74830
2026-06-16T10:19:02.850Z room=CFF3CCD9 round-result net=150 total=74980
2026-06-16T10:19:16.365Z room=CFF3CCD9 round-result net=-100 total=74980
2026-06-16T10:19:30.631Z room=CFF3CCD9 round-result net=0 total=74880
2026-06-16T10:19:43.441Z room=CFF3CCD9 round-result net=250 total=75130
2026-06-16T10:19:57.234Z room=CFF3CCD9 round-result net=300 total=75130
2026-06-16T10:20:09.358Z room=CFF3CCD9 round-result net=50 total=75430
2026-06-16T10:20:23.736Z room=CFF3CCD9 round-result net=-250 total=75480
2026-06-16T10:20:36.032Z room=CFF3CCD9 round-result net=-300 total=75230
2026-06-16T10:20:46.772Z room=CFF3CCD9 round-result net=-600 total=74930
2026-06-16T10:21:00.307Z room=CFF3CCD9 round-result net=50 total=74330
2026-06-16T10:21:14.486Z room=CFF3CCD9 round-result net=250 total=74530
2026-06-16T10:21:27.832Z room=CFF3CCD9 round-result net=150 total=74630
2026-06-16T10:21:41.289Z room=CFF3CCD9 round-result net=-250 total=74780
2026-06-16T10:21:53.830Z room=CFF3CCD9 round-result net=-25 total=74530
2026-06-16T10:22:06.386Z room=CFF3CCD9 round-result net=325 total=74505
2026-06-16T10:22:18.490Z room=CFF3CCD9 round-result net=0 total=74830
2026-06-16T10:22:30.748Z room=CFF3CCD9 round-result net=-150 total=74830
2026-06-16T10:22:42.482Z room=CFF3CCD9 round-result net=100 total=74680
2026-06-16T10:22:59.159Z room=CFF3CCD9 round-result net=100 total=74780
2026-06-16T10:23:10.783Z room=CFF3CCD9 round-result net=250 total=74880
2026-06-16T10:23:23.318Z room=CFF3CCD9 round-result net=0 total=75130
2026-06-16T10:23:36.567Z room=CFF3CCD9 round-result net=-150 total=75130
2026-06-16T10:23:49.558Z room=CFF3CCD9 round-result net=-100 total=74880
2026-06-16T10:24:01.264Z room=CFF3CCD9 round-result net=-25 total=74880
2026-06-16T10:24:16.330Z room=CFF3CCD9 round-result net=-150 total=74855
2026-06-16T10:24:30.288Z room=CFF3CCD9 round-result net=-150 total=74705
2026-06-16T10:24:43.333Z room=CFF3CCD9 round-result net=-150 total=74555
2026-06-16T10:24:59.353Z room=CFF3CCD9 round-result net=50 total=74455
2026-06-16T10:25:11.473Z room=CFF3CCD9 round-result net=100 total=74355
2026-06-16T10:25:23.009Z room=CFF3CCD9 round-result net=250 total=74555
2026-06-16T10:25:36.760Z room=CFF3CCD9 round-result net=250 total=74805
2026-06-16T10:25:48.312Z room=CFF3CCD9 round-result net=450 total=75055
2026-06-16T10:26:03.066Z room=CFF3CCD9 round-result net=150 total=75505
2026-06-16T10:26:14.562Z room=CFF3CCD9 round-result net=-100 total=75655
2026-06-16T10:26:28.502Z room=CFF3CCD9 round-result net=0 total=75555
2026-06-16T10:26:41.107Z room=CFF3CCD9 round-result net=250 total=75555
2026-06-16T10:26:53.143Z room=CFF3CCD9 round-result net=300 total=75805
2026-06-16T10:27:05.877Z room=CFF3CCD9 round-result net=100 total=76105
2026-06-16T10:27:19.358Z room=CFF3CCD9 round-result net=200 total=76405
2026-06-16T10:27:30.992Z room=CFF3CCD9 round-result net=-150 total=76255
2026-06-16T10:27:44.318Z room=CFF3CCD9 round-result net=0 total=76305
2026-06-16T10:27:58.054Z room=CFF3CCD9 round-result net=-550 total=75705
2026-06-16T10:28:10.809Z room=CFF3CCD9 round-result net=450 total=75705
2026-06-16T10:28:24.196Z room=CFF3CCD9 round-result net=-300 total=76155
2026-06-16T10:28:35.454Z room=CFF3CCD9 round-result net=-350 total=75855
2026-06-16T10:28:47.972Z room=CFF3CCD9 round-result net=375 total=75505
2026-06-16T10:28:58.900Z room=CFF3CCD9 round-result net=350 total=75880
2026-06-16T10:29:12.247Z room=CFF3CCD9 round-result net=100 total=76230
2026-06-16T10:29:24.201Z room=CFF3CCD9 round-result net=25 total=76330
2026-06-16T10:29:38.234Z room=CFF3CCD9 round-result net=-250 total=76355
2026-06-16T10:29:51.209Z room=CFF3CCD9 round-result net=150 total=76105
2026-06-16T10:30:02.190Z room=CFF3CCD9 round-result net=-200 total=76255
2026-06-16T10:30:15.413Z room=CFF3CCD9 round-result net=400 total=76055
2026-06-16T10:30:28.694Z room=CFF3CCD9 round-result net=-500 total=76455
2026-06-16T10:30:41.849Z room=CFF3CCD9 round-result net=-350 total=75955
2026-06-16T10:30:52.789Z room=CFF3CCD9 round-result net=-200 total=75605
2026-06-16T10:31:04.639Z room=CFF3CCD9 round-result net=0 total=75405
2026-06-16T10:31:15.841Z room=CFF3CCD9 round-result net=300 total=75405
2026-06-16T10:31:29.555Z room=CFF3CCD9 round-result net=-200 total=75705
2026-06-16T10:31:41.996Z room=CFF3CCD9 round-result net=75 total=75505
2026-06-16T10:31:56.257Z room=CFF3CCD9 round-result net=-100 total=75580
2026-06-16T10:32:07.433Z room=CFF3CCD9 round-result net=50 total=75480
2026-06-16T10:32:17.862Z room=CFF3CCD9 round-result net=-350 total=75530
2026-06-16T10:32:30.543Z room=CFF3CCD9 round-result net=-200 total=75180
2026-06-16T10:32:44.399Z room=CFF3CCD9 round-result net=-350 total=74630
2026-06-16T10:32:59.719Z room=CFF3CCD9 round-result net=-100 total=74480
2026-06-16T10:33:14.730Z room=CFF3CCD9 round-result net=250 total=74530
2026-06-16T10:33:29.319Z room=CFF3CCD9 round-result net=-350 total=74780
2026-06-16T10:33:41.443Z room=CFF3CCD9 round-result net=375 total=74430
2026-06-16T10:33:56.620Z room=CFF3CCD9 round-result net=350 total=74805
2026-06-16T10:34:09.807Z room=CFF3CCD9 round-result net=-150 total=75155
2026-06-16T10:34:23.333Z room=CFF3CCD9 round-result net=-300 total=75005
2026-06-16T10:34:37.866Z room=CFF3CCD9 round-result net=150 total=74705
2026-06-16T10:34:51.858Z room=CFF3CCD9 round-result net=-150 total=74855
2026-06-16T10:35:05.381Z room=CFF3CCD9 round-result net=450 total=74705
2026-06-16T10:35:21.003Z room=CFF3CCD9 round-result net=200 total=75155
2026-06-16T10:35:34.694Z room=CFF3CCD9 round-result net=-200 total=75355
2026-06-16T10:35:50.791Z room=CFF3CCD9 round-result net=-150 total=75005
2026-06-16T10:36:02.373Z room=CFF3CCD9 round-result net=-300 total=74905
2026-06-16T10:36:16.782Z room=CFF3CCD9 round-result net=-50 total=74705
2026-06-16T10:36:29.185Z room=CFF3CCD9 round-result net=450 total=74655
2026-06-16T10:36:42.831Z room=CFF3CCD9 round-result net=300 total=75105
2026-06-16T10:36:54.838Z room=CFF3CCD9 round-result net=0 total=75405
2026-06-16T10:37:08.124Z room=CFF3CCD9 round-result net=300 total=75405
2026-06-16T10:37:21.684Z room=CFF3CCD9 round-result net=150 total=75705
2026-06-16T10:37:33.335Z room=CFF3CCD9 round-result net=-150 total=75855
2026-06-16T10:37:46.861Z room=CFF3CCD9 round-result net=-250 total=75455
2026-06-16T10:37:59.925Z room=CFF3CCD9 round-result net=300 total=75455
2026-06-16T10:38:12.444Z room=CFF3CCD9 round-result net=150 total=75755
2026-06-16T10:38:25.309Z room=CFF3CCD9 round-result net=-300 total=75905
2026-06-16T10:38:37.974Z room=CFF3CCD9 round-result net=-50 total=75605
2026-06-16T10:38:52.347Z room=CFF3CCD9 round-result net=-300 total=75555
2026-06-16T10:39:06.326Z room=CFF3CCD9 round-result net=300 total=75255
2026-06-16T10:39:18.632Z room=CFF3CCD9 round-result net=50 total=75555
2026-06-16T10:39:29.927Z room=CFF3CCD9 round-result net=-150 total=75605
2026-06-16T10:39:41.384Z room=CFF3CCD9 round-result net=-25 total=75455
2026-06-16T10:39:54.557Z room=CFF3CCD9 round-result net=-250 total=75430
2026-06-16T10:40:05.923Z room=CFF3CCD9 round-result net=-250 total=75180
2026-06-16T10:40:18.230Z room=CFF3CCD9 round-result net=500 total=75430
2026-06-16T10:40:29.882Z room=CFF3CCD9 round-result net=-200 total=75380
2026-06-16T10:40:44.141Z room=CFF3CCD9 round-result net=225 total=75230
2026-06-16T10:40:57.433Z room=CFF3CCD9 round-result net=-350 total=75455
2026-06-16T10:41:10.531Z room=CFF3CCD9 round-result net=200 total=75105
2026-06-16T10:41:21.772Z room=CFF3CCD9 round-result net=-300 total=75305
2026-06-16T10:41:33.858Z room=CFF3CCD9 round-result net=300 total=75005
2026-06-16T10:41:47.165Z room=CFF3CCD9 round-result net=-300 total=75305
2026-06-16T10:42:00.192Z room=CFF3CCD9 round-result net=-350 total=75005
2026-06-16T10:42:12.884Z room=CFF3CCD9 round-result net=-250 total=74655
2026-06-16T10:42:25.561Z room=CFF3CCD9 round-result net=-350 total=74405
2026-06-16T10:42:39.648Z room=CFF3CCD9 round-result net=550 total=74055
2026-06-16T10:42:53.530Z room=CFF3CCD9 round-result net=-100 total=74605
2026-06-16T10:43:05.242Z room=CFF3CCD9 round-result net=-400 total=74505
2026-06-16T10:43:15.284Z room=CFF3CCD9 round-result net=-100 total=74105
2026-06-16T10:43:27.677Z room=CFF3CCD9 round-result net=400 total=74005
2026-06-16T10:43:38.736Z room=CFF3CCD9 round-result net=-25 total=74405
2026-06-16T10:43:52.793Z room=CFF3CCD9 round-result net=150 total=74380
2026-06-16T10:44:04.991Z room=CFF3CCD9 round-result net=-250 total=74530
2026-06-16T10:44:18.580Z room=CFF3CCD9 round-result net=-150 total=74280
2026-06-16T10:44:33.163Z room=CFF3CCD9 round-result net=250 total=74130
2026-06-16T10:44:45.851Z room=CFF3CCD9 round-result net=-250 total=74380
2026-06-16T10:44:57.864Z room=CFF3CCD9 round-result net=-100 total=74130
2026-06-16T10:45:09.061Z room=CFF3CCD9 round-result net=-500 total=74030
2026-06-16T10:45:22.539Z room=CFF3CCD9 round-result net=-400 total=73530
2026-06-16T10:45:37.017Z room=CFF3CCD9 round-result net=500 total=73130
2026-06-16T10:45:49.215Z room=CFF3CCD9 round-result net=100 total=73630
2026-06-16T10:46:02.788Z room=CFF3CCD9 round-result net=-250 total=73730
2026-06-16T10:46:14.501Z room=CFF3CCD9 round-result net=500 total=73480
2026-06-16T10:46:25.660Z room=CFF3CCD9 round-result net=-200 total=73980
2026-06-16T10:46:38.706Z room=CFF3CCD9 round-result net=200 total=73780
2026-06-16T10:46:49.118Z room=CFF3CCD9 round-result net=50 total=73980
2026-06-16T10:47:04.291Z room=CFF3CCD9 round-result net=-100 total=74030
2026-06-16T10:47:15.199Z room=CFF3CCD9 round-result net=125 total=73930
2026-06-16T10:47:28.071Z room=CFF3CCD9 round-result net=375 total=74055
2026-06-16T10:47:43.069Z room=CFF3CCD9 round-result net=50 total=74430
2026-06-16T10:47:56.604Z room=CFF3CCD9 round-result net=-400 total=74480
2026-06-16T10:48:10.003Z room=CFF3CCD9 round-result net=-150 total=74080
2026-06-16T10:48:21.852Z room=CFF3CCD9 round-result net=-600 total=73930
2026-06-16T10:48:34.932Z room=CFF3CCD9 round-result net=450 total=73330
2026-06-16T10:48:50.362Z room=CFF3CCD9 round-result net=-350 total=73780
2026-06-16T10:49:03.256Z room=CFF3CCD9 round-result net=200 total=73430
2026-06-16T10:49:14.022Z room=CFF3CCD9 round-result net=-250 total=73630
2026-06-16T10:49:25.668Z room=CFF3CCD9 round-result net=150 total=73380
2026-06-16T10:49:39.674Z room=CFF3CCD9 round-result net=450 total=73530
2026-06-16T10:49:51.606Z room=CFF3CCD9 round-result net=-150 total=73980
2026-06-16T10:50:03.894Z room=CFF3CCD9 round-result net=-400 total=73830
2026-06-16T10:50:18.164Z room=CFF3CCD9 round-result net=50 total=73430
2026-06-16T10:50:31.736Z room=CFF3CCD9 round-result net=-450 total=73480
2026-06-16T10:50:43.839Z room=CFF3CCD9 round-result net=-100 total=73030
2026-06-16T10:50:59.281Z room=CFF3CCD9 round-result net=-300 total=72930
2026-06-16T10:51:12.333Z room=CFF3CCD9 round-result net=200 total=72630
2026-06-16T10:51:24.158Z room=CFF3CCD9 round-result net=-50 total=72830
2026-06-16T10:51:36.484Z room=CFF3CCD9 round-result net=0 total=72780
2026-06-16T10:51:49.021Z room=CFF3CCD9 round-result net=50 total=72830
2026-06-16T10:52:01.765Z room=CFF3CCD9 round-result net=350 total=73030
2026-06-16T10:52:14.798Z room=CFF3CCD9 round-result net=250 total=73180
2026-06-16T10:52:28.408Z room=CFF3CCD9 round-result net=-100 total=73430
2026-06-16T10:52:40.068Z room=CFF3CCD9 round-result net=-600 total=73330
2026-06-16T10:52:52.472Z room=CFF3CCD9 round-result net=-100 total=72730
2026-06-16T10:53:06.134Z room=CFF3CCD9 round-result net=550 total=72630
2026-06-16T10:53:17.612Z room=CFF3CCD9 round-result net=-150 total=73180
2026-06-16T10:53:31.268Z room=CFF3CCD9 round-result net=50 total=73030
2026-06-16T10:53:44.736Z room=CFF3CCD9 round-result net=-350 total=73080
2026-06-16T10:53:57.669Z room=CFF3CCD9 round-result net=-400 total=72730
2026-06-16T10:54:10.530Z room=CFF3CCD9 round-result net=-250 total=72330
2026-06-16T10:54:22.764Z room=CFF3CCD9 round-result net=-50 total=72080
2026-06-16T10:54:34.268Z room=CFF3CCD9 round-result net=75 total=72105
2026-06-16T10:54:47.977Z room=CFF3CCD9 round-result net=0 total=72105
2026-06-16T10:55:02.709Z room=CFF3CCD9 round-result net=-50 total=72105
2026-06-16T10:55:13.579Z room=CFF3CCD9 round-result net=-250 total=71805
2026-06-16T10:55:25.459Z room=CFF3CCD9 round-result net=-150 total=71755
2026-06-16T10:55:37.922Z room=CFF3CCD9 round-result net=-300 total=71655
2026-06-16T10:55:52.575Z room=CFF3CCD9 round-result net=-350 total=71005
2026-06-16T10:56:05.320Z room=CFF3CCD9 round-result net=250 total=71005
2026-06-16T10:56:20.056Z room=CFF3CCD9 round-result net=100 total=71255
2026-06-16T10:56:32.504Z room=CFF3CCD9 round-result net=-300 total=71355
2026-06-16T10:56:44.622Z room=CFF3CCD9 round-result net=100 total=71055
2026-06-16T10:56:56.727Z room=CFF3CCD9 round-result net=175 total=71155
2026-06-16T10:57:09.857Z room=CFF3CCD9 round-result net=200 total=71330
2026-06-16T10:57:21.359Z room=CFF3CCD9 round-result net=0 total=71530
2026-06-16T10:57:33.395Z room=CFF3CCD9 round-result net=350 total=71530
2026-06-16T10:57:47.755Z room=CFF3CCD9 round-result net=150 total=71880
2026-06-16T10:58:01.053Z room=CFF3CCD9 round-result net=300 total=72030
2026-06-16T10:58:14.638Z room=CFF3CCD9 round-result net=500 total=72330
2026-06-16T10:58:27.429Z room=CFF3CCD9 round-result net=-50 total=72830
2026-06-16T10:58:42.167Z room=CFF3CCD9 round-result net=550 total=72780
2026-06-16T10:58:55.624Z room=CFF3CCD9 round-result net=350 total=73330
2026-06-16T10:59:08.012Z room=CFF3CCD9 round-result net=150 total=73680
2026-06-16T10:59:21.252Z room=CFF3CCD9 round-result net=200 total=73830
2026-06-16T10:59:33.354Z room=CFF3CCD9 round-result net=-200 total=74030
2026-06-16T10:59:46.056Z room=CFF3CCD9 round-result net=250 total=73830
2026-06-16T11:00:00.445Z room=CFF3CCD9 round-result net=125 total=74205
2026-06-16T11:00:16.525Z room=CFF3CCD9 round-result net=-400 total=74105
2026-06-16T11:00:28.742Z room=CFF3CCD9 round-result net=350 total=73805
2026-06-16T11:00:43.650Z room=CFF3CCD9 round-result net=150 total=74155
2026-06-16T11:00:56.764Z room=CFF3CCD9 round-result net=400 total=74305
2026-06-16T11:01:08.554Z room=CFF3CCD9 round-result net=150 total=74705
2026-06-16T11:01:20.304Z room=CFF3CCD9 round-result net=-50 total=74855
2026-06-16T11:01:33.971Z room=CFF3CCD9 round-result net=300 total=74805
2026-06-16T11:01:47.532Z room=CFF3CCD9 round-result net=-100 total=75105
2026-06-16T11:02:02.154Z room=CFF3CCD9 round-result net=-300 total=75005
2026-06-16T11:02:14.742Z room=CFF3CCD9 round-result net=-200 total=74705
2026-06-16T11:02:29.992Z room=CFF3CCD9 round-result net=-50 total=74505
2026-06-16T11:02:43.023Z room=CFF3CCD9 round-result net=400 total=74455
2026-06-16T11:02:58.162Z room=CFF3CCD9 round-result net=-250 total=74855
2026-06-16T11:03:12.171Z room=CFF3CCD9 round-result net=150 total=74605
2026-06-16T11:03:24.461Z room=CFF3CCD9 round-result net=0 total=74755
2026-06-16T11:03:38.846Z room=CFF3CCD9 round-result net=-150 total=74755
2026-06-16T11:03:53.410Z room=CFF3CCD9 round-result net=200 total=74805
2026-06-16T11:04:04.680Z room=CFF3CCD9 round-result net=-300 total=74805
2026-06-16T11:04:18.150Z room=CFF3CCD9 round-result net=-50 total=74505
2026-06-16T11:04:30.792Z room=CFF3CCD9 round-result net=-50 total=74455
2026-06-16T11:04:45.871Z room=CFF3CCD9 round-result net=-100 total=74405
2026-06-16T11:04:59.146Z room=CFF3CCD9 round-result net=0 total=74305
2026-06-16T11:05:14.116Z room=CFF3CCD9 round-result net=-400 total=73905
2026-06-16T11:05:28.404Z room=CFF3CCD9 round-result net=0 total=74055
2026-06-16T11:05:40.999Z room=CFF3CCD9 round-result net=-100 total=73905
2026-06-16T11:05:52.869Z room=CFF3CCD9 round-result net=500 total=74305
2026-06-16T11:06:04.644Z room=CFF3CCD9 round-result net=0 total=74405
2026-06-16T11:06:21.664Z room=CFF3CCD9 round-result net=50 total=74305
2026-06-16T11:06:33.316Z room=CFF3CCD9 round-result net=300 total=74355
2026-06-16T11:06:47.417Z room=CFF3CCD9 round-result net=-500 total=74655
2026-06-16T11:06:59.321Z room=CFF3CCD9 round-result net=100 total=74155
2026-06-16T11:07:10.847Z room=CFF3CCD9 round-result net=-300 total=74255
2026-06-16T11:07:24.233Z room=CFF3CCD9 round-result net=150 total=74105
2026-06-16T11:07:34.720Z room=CFF3CCD9 round-result net=225 total=74105
2026-06-16T11:07:50.237Z room=CFF3CCD9 round-result net=200 total=74330
2026-06-16T11:08:04.380Z room=CFF3CCD9 round-result net=-100 total=74530
2026-06-16T11:08:16.240Z room=CFF3CCD9 round-result net=200 total=74430
2026-06-16T11:08:28.411Z room=CFF3CCD9 round-result net=50 total=74630
2026-06-16T11:08:40.365Z room=CFF3CCD9 round-result net=425 total=74680
2026-06-16T11:08:52.772Z room=CFF3CCD9 round-result net=-150 total=75105
2026-06-16T11:09:05.724Z room=CFF3CCD9 round-result net=100 total=74955
2026-06-16T11:09:21.754Z room=CFF3CCD9 round-result net=-100 total=75055
2026-06-16T11:09:34.854Z room=CFF3CCD9 round-result net=-250 total=74955
2026-06-16T11:09:48.372Z room=CFF3CCD9 round-result net=100 total=74705
2026-06-16T11:10:03.799Z room=CFF3CCD9 round-result net=-350 total=74805
2026-06-16T11:10:16.797Z room=CFF3CCD9 round-result net=450 total=74455
2026-06-16T11:10:29.922Z room=CFF3CCD9 round-result net=300 total=74905
2026-06-16T11:10:39.279Z room=CFF3CCD9 round-result net=150 total=75205
2026-06-16T11:10:52.274Z room=CFF3CCD9 round-result net=-200 total=75355
2026-06-16T11:11:05.917Z room=CFF3CCD9 round-result net=-350 total=75155
2026-06-16T11:11:19.851Z room=CFF3CCD9 round-result net=-250 total=74805
2026-06-16T11:11:31.400Z room=CFF3CCD9 round-result net=150 total=74555
2026-06-16T11:11:45.010Z room=CFF3CCD9 round-result net=200 total=74705
2026-06-16T11:11:55.439Z room=CFF3CCD9 round-result net=325 total=74905
2026-06-16T11:12:08.676Z room=CFF3CCD9 round-result net=-200 total=75230
2026-06-16T11:12:20.352Z room=CFF3CCD9 round-result net=-50 total=75030
2026-06-16T11:12:33.506Z room=CFF3CCD9 round-result net=-200 total=74980
2026-06-16T11:12:47.612Z room=CFF3CCD9 round-result net=-250 total=74780
2026-06-16T11:12:58.852Z room=CFF3CCD9 round-result net=475 total=74530
2026-06-16T11:13:12.651Z room=CFF3CCD9 round-result net=350 total=75005
2026-06-16T11:13:24.810Z room=CFF3CCD9 round-result net=-550 total=75355
2026-06-16T11:13:39.712Z room=CFF3CCD9 round-result net=-200 total=74805
2026-06-16T11:13:56.396Z room=CFF3CCD9 round-result net=0 total=74605
2026-06-16T11:14:08.887Z room=CFF3CCD9 round-result net=-150 total=74605
2026-06-16T11:14:21.982Z room=CFF3CCD9 round-result net=400 total=74855
2026-06-16T11:14:34.244Z room=CFF3CCD9 round-result net=-50 total=74805
2026-06-16T11:14:48.084Z room=CFF3CCD9 round-result net=550 total=74955
2026-06-16T11:15:02.587Z room=CFF3CCD9 round-result net=250 total=75355
2026-06-16T11:15:17.625Z room=CFF3CCD9 round-result net=-100 total=75605
2026-06-16T11:15:28.296Z room=CFF3CCD9 round-result net=-200 total=75505
2026-06-16T11:15:43.091Z room=CFF3CCD9 round-result net=-300 total=75305
2026-06-16T11:15:56.232Z room=CFF3CCD9 round-result net=0 total=75005
2026-06-16T11:16:09.600Z room=CFF3CCD9 round-result net=100 total=75005
2026-06-16T11:16:22.225Z room=CFF3CCD9 round-result net=-350 total=75105
2026-06-16T11:16:34.606Z room=CFF3CCD9 round-result net=300 total=74755
2026-06-16T11:16:46.852Z room=CFF3CCD9 round-result net=-100 total=75055
2026-06-16T11:16:58.916Z room=CFF3CCD9 round-result net=50 total=74955
2026-06-16T11:17:11.201Z room=CFF3CCD9 round-result net=50 total=75005
2026-06-16T11:17:24.053Z room=CFF3CCD9 round-result net=75 total=75055
2026-06-16T11:17:37.870Z room=CFF3CCD9 round-result net=250 total=75130
2026-06-16T11:17:52.459Z room=CFF3CCD9 round-result net=-100 total=75380
2026-06-16T11:18:02.731Z room=CFF3CCD9 round-result net=0 total=75280
2026-06-16T11:18:14.497Z room=CFF3CCD9 round-result net=-25 total=75280
2026-06-16T11:18:29.385Z room=CFF3CCD9 round-result net=300 total=75255
2026-06-16T11:18:41.907Z room=CFF3CCD9 round-result net=350 total=75555
2026-06-16T11:18:55.032Z room=CFF3CCD9 round-result net=-100 total=75905
2026-06-16T11:19:07.185Z room=CFF3CCD9 round-result net=-225 total=75805
2026-06-16T11:19:23.104Z room=CFF3CCD9 round-result net=50 total=75580
2026-06-16T11:19:36.087Z room=CFF3CCD9 round-result net=-350 total=75630
2026-06-16T11:19:48.660Z room=CFF3CCD9 round-result net=-50 total=75280
2026-06-16T11:20:05.947Z room=CFF3CCD9 round-result net=100 total=75230
2026-06-16T11:20:17.973Z room=CFF3CCD9 round-result net=-300 total=75330
2026-06-16T11:20:29.851Z room=CFF3CCD9 round-result net=-200 total=75030
2026-06-16T11:20:41.485Z room=CFF3CCD9 round-result net=50 total=74830
2026-06-16T11:20:55.029Z room=CFF3CCD9 round-result net=-75 total=74880
2026-06-16T11:21:09.024Z room=CFF3CCD9 round-result net=-400 total=74805
2026-06-16T11:21:21.644Z room=CFF3CCD9 round-result net=0 total=74405
2026-06-16T11:21:33.272Z room=CFF3CCD9 round-result net=-200 total=74405
2026-06-16T11:21:46.647Z room=CFF3CCD9 round-result net=-75 total=74205
2026-06-16T11:22:00.892Z room=CFF3CCD9 round-result net=-100 total=74130
2026-06-16T11:22:13.347Z room=CFF3CCD9 round-result net=375 total=74405
2026-06-16T11:22:28.105Z room=CFF3CCD9 round-result net=250 total=74655
2026-06-16T11:22:39.200Z room=CFF3CCD9 round-result net=450 total=74855
2026-06-16T11:22:52.988Z room=CFF3CCD9 round-result net=550 total=75105
2026-06-16T11:23:05.863Z room=CFF3CCD9 round-result net=350 total=75655
2026-06-16T11:23:17.324Z room=CFF3CCD9 round-result net=-250 total=75905
2026-06-16T11:23:31.025Z room=CFF3CCD9 round-result net=-100 total=75755
2026-06-16T11:23:46.292Z room=CFF3CCD9 round-result net=-200 total=75655
2026-06-16T11:23:59.527Z room=CFF3CCD9 round-result net=100 total=75455
2026-06-16T11:24:12.629Z room=CFF3CCD9 round-result net=200 total=75555
2026-06-16T11:24:27.410Z room=CFF3CCD9 round-result net=-400 total=75755
2026-06-16T11:24:42.166Z room=CFF3CCD9 round-result net=300 total=75355
2026-06-16T11:24:55.134Z room=CFF3CCD9 round-result net=-100 total=75655
2026-06-16T11:25:06.826Z room=CFF3CCD9 round-result net=-150 total=75555
2026-06-16T11:25:21.427Z room=CFF3CCD9 round-result net=-50 total=75355
2026-06-16T11:25:36.837Z room=CFF3CCD9 round-result net=150 total=75355
2026-06-16T11:25:49.814Z room=CFF3CCD9 round-result net=-150 total=75505
2026-06-16T11:26:02.200Z room=CFF3CCD9 round-result net=-25 total=75355
2026-06-16T11:26:16.589Z room=CFF3CCD9 round-result net=-200 total=75330
2026-06-16T11:26:29.508Z room=CFF3CCD9 round-result net=300 total=75130
2026-06-16T11:26:43.251Z room=CFF3CCD9 round-result net=-300 total=75430
2026-06-16T11:26:55.625Z room=CFF3CCD9 round-result net=-150 total=75130
2026-06-16T11:27:09.311Z room=CFF3CCD9 round-result net=-100 total=74980
2026-06-16T11:27:23.952Z room=CFF3CCD9 round-result net=350 total=74880
2026-06-16T11:27:37.159Z room=CFF3CCD9 round-result net=-50 total=75230
2026-06-16T11:27:53.339Z room=CFF3CCD9 round-result net=0 total=75180
2026-06-16T11:28:06.903Z room=CFF3CCD9 round-result net=200 total=75180
2026-06-16T11:28:19.076Z room=CFF3CCD9 round-result net=-250 total=75380
2026-06-16T11:28:33.709Z room=CFF3CCD9 round-result net=-300 total=75130
2026-06-16T11:28:46.959Z room=CFF3CCD9 round-result net=200 total=74830
2026-06-16T11:28:58.614Z room=CFF3CCD9 round-result net=-250 total=75030
2026-06-16T11:29:11.835Z room=CFF3CCD9 round-result net=25 total=74780
2026-06-16T11:29:24.716Z room=CFF3CCD9 round-result net=-100 total=74805
2026-06-16T11:29:39.365Z room=CFF3CCD9 round-result net=350 total=74705
2026-06-16T11:29:51.672Z room=CFF3CCD9 round-result net=125 total=75055
2026-06-16T11:30:05.770Z room=CFF3CCD9 round-result net=-250 total=75180
2026-06-16T11:30:20.450Z room=CFF3CCD9 round-result net=-450 total=74930
2026-06-16T11:30:32.855Z room=CFF3CCD9 round-result net=-200 total=74480
2026-06-16T11:30:47.297Z room=CFF3CCD9 round-result net=-250 total=74280
2026-06-16T11:30:59.143Z room=CFF3CCD9 round-result net=-300 total=74030
2026-06-16T11:31:14.318Z room=CFF3CCD9 round-result net=-350 total=73730
2026-06-16T11:31:27.456Z room=CFF3CCD9 round-result net=150 total=73380
2026-06-16T11:31:38.629Z room=CFF3CCD9 round-result net=-350 total=73530
2026-06-16T11:31:52.559Z room=CFF3CCD9 round-result net=-100 total=73180
2026-06-16T11:32:05.625Z room=CFF3CCD9 round-result net=-350 total=73080
2026-06-16T11:32:19.700Z room=CFF3CCD9 round-result net=200 total=72730
2026-06-16T11:32:32.103Z room=CFF3CCD9 round-result net=-75 total=72930
2026-06-16T11:32:46.731Z room=CFF3CCD9 round-result net=300 total=72855
2026-06-16T11:33:00.502Z room=CFF3CCD9 round-result net=-350 total=73155
2026-06-16T11:33:12.585Z room=CFF3CCD9 round-result net=-450 total=72805
2026-06-16T11:33:25.438Z room=CFF3CCD9 round-result net=-300 total=72355
2026-06-16T11:33:39.761Z room=CFF3CCD9 round-result net=300 total=72055
2026-06-16T11:33:52.226Z room=CFF3CCD9 round-result net=-25 total=72355
2026-06-16T11:34:05.093Z room=CFF3CCD9 round-result net=250 total=72330
2026-06-16T11:34:18.664Z room=CFF3CCD9 round-result net=350 total=72580
2026-06-16T11:34:33.048Z room=CFF3CCD9 round-result net=350 total=72930
2026-06-16T11:34:42.760Z room=CFF3CCD9 round-result net=-250 total=73280
2026-06-16T11:34:57.244Z room=CFF3CCD9 round-result net=-150 total=73030
2026-06-16T11:35:09.534Z room=CFF3CCD9 round-result net=400 total=72880
2026-06-16T11:35:19.320Z room=CFF3CCD9 round-result net=100 total=73280
2026-06-16T11:35:33.322Z room=CFF3CCD9 round-result net=-200 total=73380
2026-06-16T11:35:46.620Z room=CFF3CCD9 round-result net=-100 total=73180
2026-06-16T11:36:00.837Z room=CFF3CCD9 round-result net=-150 total=73080
2026-06-16T11:36:14.780Z room=CFF3CCD9 round-result net=200 total=72930
2026-06-16T11:36:26.835Z room=CFF3CCD9 round-result net=-250 total=72880
2026-06-16T11:36:40.859Z room=CFF3CCD9 round-result net=-50 total=72880
2026-06-16T11:36:53.859Z room=CFF3CCD9 round-result net=-100 total=72830
2026-06-16T11:37:09.512Z room=CFF3CCD9 round-result net=275 total=72730
2026-06-16T11:37:21.348Z room=CFF3CCD9 round-result net=-150 total=73005
2026-06-16T11:37:33.747Z room=CFF3CCD9 round-result net=250 total=72855
2026-06-16T11:37:46.961Z room=CFF3CCD9 round-result net=-300 total=73105
2026-06-16T11:38:02.283Z room=CFF3CCD9 round-result net=100 total=72805
2026-06-16T11:38:15.823Z room=CFF3CCD9 round-result net=-100 total=72905
2026-06-16T11:38:30.703Z room=CFF3CCD9 round-result net=250 total=72805
2026-06-16T11:38:43.093Z room=CFF3CCD9 round-result net=450 total=73055
2026-06-16T11:38:53.749Z room=CFF3CCD9 round-result net=-150 total=73505
2026-06-16T11:39:07.670Z room=CFF3CCD9 round-result net=0 total=73355
2026-06-16T11:39:21.009Z room=CFF3CCD9 round-result net=100 total=73355
2026-06-16T11:39:34.571Z room=CFF3CCD9 round-result net=-125 total=73330
2026-06-16T11:39:44.691Z room=CFF3CCD9 round-result net=-350 total=73330
2026-06-16T11:39:58.746Z room=CFF3CCD9 round-result net=-100 total=72980
2026-06-16T11:40:10.008Z room=CFF3CCD9 round-result net=-400 total=72880
2026-06-16T11:40:22.280Z room=CFF3CCD9 round-result net=50 total=72480
2026-06-16T11:40:34.951Z room=CFF3CCD9 round-result net=525 total=72530
2026-06-16T11:40:48.991Z room=CFF3CCD9 round-result net=-50 total=73055
2026-06-16T11:41:01.063Z room=CFF3CCD9 round-result net=150 total=73005
2026-06-16T11:41:13.772Z room=CFF3CCD9 round-result net=175 total=73155
2026-06-16T11:41:27.945Z room=CFF3CCD9 round-result net=300 total=73330
2026-06-16T11:41:41.454Z room=CFF3CCD9 round-result net=-350 total=73630
2026-06-16T11:41:55.327Z room=CFF3CCD9 round-result net=0 total=73280
2026-06-16T11:42:08.008Z room=CFF3CCD9 round-result net=350 total=73280
2026-06-16T11:42:21.854Z room=CFF3CCD9 round-result net=100 total=73630
2026-06-16T11:42:33.982Z room=CFF3CCD9 round-result net=200 total=73730
2026-06-16T11:42:49.027Z room=CFF3CCD9 round-result net=-100 total=73930
2026-06-16T11:43:01.178Z room=CFF3CCD9 round-result net=200 total=73830
2026-06-16T11:43:13.890Z room=CFF3CCD9 round-result net=-300 total=74030
2026-06-16T11:43:26.581Z room=CFF3CCD9 round-result net=300 total=73730
2026-06-16T11:43:39.028Z room=CFF3CCD9 round-result net=150 total=74030
2026-06-16T11:43:53.064Z room=CFF3CCD9 round-result net=-250 total=73930
2026-06-16T11:44:08.404Z room=CFF3CCD9 round-result net=400 total=74080
2026-06-16T11:44:18.904Z room=CFF3CCD9 round-result net=225 total=74330
2026-06-16T11:44:32.981Z room=CFF3CCD9 round-result net=0 total=74555
2026-06-16T11:44:46.602Z room=CFF3CCD9 round-result net=-250 total=74555
2026-06-16T11:44:59.195Z room=CFF3CCD9 round-result net=-250 total=74305
2026-06-16T11:45:11.392Z room=CFF3CCD9 round-result net=250 total=74055
2026-06-16T11:45:26.283Z room=CFF3CCD9 round-result net=-300 total=74305
2026-06-16T11:45:41.478Z room=CFF3CCD9 round-result net=-150 total=74005
2026-06-16T11:45:54.850Z room=CFF3CCD9 round-result net=100 total=73855
2026-06-16T11:46:07.804Z room=CFF3CCD9 round-result net=-50 total=73955
2026-06-16T11:46:21.422Z room=CFF3CCD9 round-result net=-200 total=73905
2026-06-16T11:46:34.669Z room=CFF3CCD9 round-result net=-300 total=73705
2026-06-16T11:46:47.310Z room=CFF3CCD9 round-result net=100 total=73405
2026-06-16T11:47:00.594Z room=CFF3CCD9 round-result net=-250 total=73255
2026-06-16T11:47:14.297Z room=CFF3CCD9 round-result net=250 total=73255
2026-06-16T11:47:28.143Z room=CFF3CCD9 round-result net=-300 total=73455
2026-06-16T11:47:39.598Z room=CFF3CCD9 round-result net=350 total=73555
2026-06-16T11:47:52.963Z room=CFF3CCD9 round-result net=500 total=74055
2026-06-16T11:48:04.229Z room=CFF3CCD9 round-result net=-200 total=73855
2026-06-16T11:48:17.385Z room=CFF3CCD9 round-result net=275 total=73955
2026-06-16T11:48:30.679Z room=CFF3CCD9 round-result net=100 total=74280
2026-06-16T11:48:43.141Z room=CFF3CCD9 round-result net=125 total=74305
2026-06-16T11:48:57.751Z room=CFF3CCD9 round-result net=200 total=74555
2026-06-16T11:49:10.346Z room=CFF3CCD9 round-result net=-250 total=74555
2026-06-16T11:49:23.430Z room=CFF3CCD9 round-result net=-50 total=74255
2026-06-16T11:49:35.708Z room=CFF3CCD9 round-result net=-150 total=74105
2026-06-16T11:49:48.705Z room=CFF3CCD9 round-result net=0 total=74105
2026-06-16T11:50:02.535Z room=CFF3CCD9 round-result net=-300 total=74105
2026-06-16T11:50:15.721Z room=CFF3CCD9 round-result net=-250 total=73555
2026-06-16T11:50:26.885Z room=CFF3CCD9 round-result net=-150 total=73555
2026-06-16T11:50:40.156Z room=CFF3CCD9 round-result net=-350 total=73405
2026-06-16T11:50:51.053Z room=CFF3CCD9 round-result net=200 total=73005
2026-06-16T11:51:04.965Z room=CFF3CCD9 round-result net=0 total=73255
2026-06-16T11:51:19.307Z room=CFF3CCD9 round-result net=300 total=73305
2026-06-16T11:51:32.576Z room=CFF3CCD9 round-result net=-250 total=73505
2026-06-16T11:51:48.240Z room=CFF3CCD9 round-result net=-400 total=73205
2026-06-16T11:52:00.318Z room=CFF3CCD9 round-result net=250 total=72955
2026-06-16T11:52:13.787Z room=CFF3CCD9 round-result net=50 total=73455
2026-06-16T11:52:25.038Z room=CFF3CCD9 round-result net=-100 total=73205
2026-06-16T11:52:38.138Z room=CFF3CCD9 round-result net=150 total=73055
2026-06-16T11:52:51.955Z room=CFF3CCD9 round-result net=50 total=73255
2026-06-16T11:53:05.981Z room=CFF3CCD9 round-result net=-350 total=73305
2026-06-16T11:53:17.290Z room=CFF3CCD9 round-result net=250 total=73105
2026-06-16T15:59:08.836Z room=CFF3CCD9 round-result net=50 total=73055
